Archive member included to satisfy reference by file (symbol)

../../saturnringlib/../modules/sgl/LIB/SEGA_SYS.A(sys_exit.o)
                              src/main.o (SYS_Exit)
../../saturnringlib/../modules/sgl/LIB/SEGA_SYS.A(sys_sub.o)
                              ../../saturnringlib/../modules/sgl/LIB/SEGA_SYS.A(sys_exit.o) (SYSUB_SetStackptr)
../../saturnringlib/../modules/sgl/LIB/LIBCD.A(CDC_CMN.O)
                              src/main.o (CDC_GetCurStat)
../../saturnringlib/../modules/sgl/LIB/LIBCD.A(CDC_CFS.O)
                              ../../saturnringlib/../modules/sgl/LIB/SEGA_SYS.A(sys_exit.o) (CDC_ChgDir)
../../saturnringlib/../modules/sgl/LIB/LIBCD.A(CDC_REG.O)
                              ../../saturnringlib/../modules/sgl/LIB/SEGA_SYS.A(sys_exit.o) (CDC_GetHirqReq)
../../saturnringlib/../modules/sgl/LIB/LIBCD.A(CDC_SUB.O)
                              ../../saturnringlib/../modules/sgl/LIB/LIBCD.A(CDC_CMN.O) (CDSUB_UpdStatus)
../../saturnringlib/../modules/sgl/LIB/LIBCD.A(GFS.O)
                              src/main.o (GFS_Init)
../../saturnringlib/../modules/sgl/LIB/LIBCD.A(GFS_BUF.O)
                              ../../saturnringlib/../modules/sgl/LIB/LIBCD.A(GFS.O) (GFBF_GetNumData)
../../saturnringlib/../modules/sgl/LIB/LIBCD.A(GFS_CDB.O)
                              ../../saturnringlib/../modules/sgl/LIB/LIBCD.A(GFS.O) (GFCB_Close)
../../saturnringlib/../modules/sgl/LIB/LIBCD.A(GFS_CDC.O)
                              ../../saturnringlib/../modules/sgl/LIB/LIBCD.A(GFS.O) (GFCD_SetCdbfs)
../../saturnringlib/../modules/sgl/LIB/LIBCD.A(GFS_CDF.O)
                              ../../saturnringlib/../modules/sgl/LIB/LIBCD.A(GFS.O) (GFCF_Init)
../../saturnringlib/../modules/sgl/LIB/LIBCD.A(GFS_DIR.O)
                              ../../saturnringlib/../modules/sgl/LIB/LIBCD.A(GFS.O) (GFDR_SetupDirTbl)
../../saturnringlib/../modules/sgl/LIB/LIBCD.A(GFS_TRN.O)
                              ../../saturnringlib/../modules/sgl/LIB/LIBCD.A(GFS.O) (GFTR_Setup)
../../saturnringlib/../modules/sgl/LIB/LIBCD.A(CDC_DRV.O)
                              ../../saturnringlib/../modules/sgl/LIB/LIBCD.A(GFS_CDC.O) (CDC_CdPlay)
../../saturnringlib/../modules/sgl/LIB/LIBCD.A(CDC_DEV.O)
                              ../../saturnringlib/../modules/sgl/LIB/LIBCD.A(GFS_CDC.O) (CDC_CdSetCon)
../../saturnringlib/../modules/sgl/LIB/LIBCD.A(CDC_SEL.O)
                              ../../saturnringlib/../modules/sgl/LIB/LIBCD.A(GFS_CDC.O) (CDC_SetFiltRange)
../../saturnringlib/../modules/sgl/LIB/LIBCD.A(CDC_BIF.O)
                              ../../saturnringlib/../modules/sgl/LIB/LIBCD.A(GFS_CDC.O) (CDC_GetBufSiz)
../../saturnringlib/../modules/sgl/LIB/LIBCD.A(CDC_BIO.O)
                              ../../saturnringlib/../modules/sgl/LIB/LIBCD.A(GFS_CDC.O) (CDC_SetSctLen)
../../saturnringlib/../modules/sgl/LIB/LIBSGL.A(sglB001.o)
                              src/main.o (slTVOn)
../../saturnringlib/../modules/sgl/LIB/LIBSGL.A(sglB002.o)
                              src/main.o (slColRAMMode)
../../saturnringlib/../modules/sgl/LIB/LIBSGL.A(sglB015.o)
                              src/main.o (slScrAutoDisp)
../../saturnringlib/../modules/sgl/LIB/LIBSGL.A(sglB016.o)
                              src/main.o (slBack1ColSet)
../../saturnringlib/../modules/sgl/LIB/LIBSGL.A(sglB034.o)
                              src/main.o (slMapNbg3)
../../saturnringlib/../modules/sgl/LIB/LIBSGL.A(sglB038.o)
                              src/main.o (slRparaInitSet)
../../saturnringlib/../modules/sgl/LIB/LIBSGL.A(sglB058.o)
                              src/main.o (slPlaneNbg3)
../../saturnringlib/../modules/sgl/LIB/LIBSGL.A(sglB063.o)
                              src/main.o (slPriority)
../../saturnringlib/../modules/sgl/LIB/LIBSGL.A(sglB200.o)
                              src/main.o (slCharNbg3)
../../saturnringlib/../modules/sgl/LIB/LIBSGL.A(sglC04.o)
                              src/main.o (slZdspLevel)
../../saturnringlib/../modules/sgl/LIB/LIBSGL.A(sglD00.o)
                              src/main.o (slDMACopy)
../../saturnringlib/../modules/sgl/LIB/LIBSGL.A(sglD01.o)
                              ../../saturnringlib/../modules/sgl/LIB/LIBCD.A(GFS_TRN.O) (slDMAXCopy)
../../saturnringlib/../modules/sgl/LIB/LIBSGL.A(sglD02.o)
                              src/main.o (slDMAWait)
../../saturnringlib/../modules/sgl/LIB/LIBSGL.A(sglD03.o)
                              ../../saturnringlib/../modules/sgl/LIB/LIBCD.A(GFS_TRN.O) (slDMAStatus)
../../saturnringlib/../modules/sgl/LIB/LIBSGL.A(sglD15.o)
                              ../../saturnringlib/../modules/sgl/LIB/LIBCD.A(GFS_TRN.O) (CSH_Purge)
../../saturnringlib/../modules/sgl/LIB/LIBSGL.A(sglD16.o)
                              ../../saturnringlib/../modules/sgl/LIB/LIBCD.A(GFS_TRN.O) (DMA_ScuSetPrm)
../../saturnringlib/../modules/sgl/LIB/LIBSGL.A(sglD17.o)
[...]
Memory Configuration

Name             Origin             Length             Attributes
*default*        0x00000000         0xffffffff

Linker script and memory map


PRELOADER       0x06004000       0xc8
                0x06004000                        ___Preloader = .
 *(PRELOADER)
 PRELOADER      0x06004000       0xc8 ../../saturnringlib/../modules/sgl/SRC/preloader.o
                0x06004000                PreLoader

SLSTART         0x060040d0       0x28
                0x060040d0                        ___Start = .
 *(SLSTART)
 SLSTART        0x060040d0       0x28 ../../saturnringlib/../modules/sgl/LIB/LIBSGL.A(sglI00.o)
                0x060040d0                SGL_Start
                0x060040d2                slStartSGL

.text           0x06004100     0xa980
 *(.text)
 .text          0x06004100        0x0 ../../saturnringlib/../modules/sgl/LIB/../SRC/workarea.o
 .text          0x06004100      0xb80 ../../saturnringlib/../modules/tlsf/tlsf.o
                0x060044f4                tlsf_check
                0x06004648                tlsf_walk_pool
                0x060046b0                tlsf_block_size
                0x060046c4                tlsf_check_pool
                0x060046e8                tlsf_size
                0x060046f0                tlsf_align_size
                0x060046f4                tlsf_block_size_min
                0x060046f8                tlsf_block_size_max
                0x06004704                tlsf_pool_overhead
                0x06004708                tlsf_alloc_overhead
                0x0600470c                tlsf_add_pool
                0x0600476c                tlsf_remove_pool
                0x06004828                tlsf_create
                0x06004884                tlsf_create_with_pool
                0x06004910                tlsf_destroy
                0x06004914                tlsf_get_pool
                0x0600491c                tlsf_malloc
                0x060049a8                tlsf_memalign
                0x06004b08                tlsf_free
                0x06004b1c                tlsf_realloc
 .text          0x06004c80        0x4 ../../saturnringlib/../modules/sgl/SRC/preloader.o
                0x06004c80                __cxa_pure_virtual
 .text          0x06004c84        0xc src/main.o
 .text          0x06004c90      0x238 ../../saturnringlib/../modules/sgl/LIB/SEGA_SYS.A(sys_exit.o)
                0x06004c90                sys_version
                0x06004cb0                SYS_Exit
 *fill*         0x06004ec8        0x8 
 .text          0x06004ed0        0x6 ../../saturnringlib/../modules/sgl/LIB/SEGA_SYS.A(sys_sub.o)
                0x06004ed0                SYSUB_SetStackptr
 *fill*         0x06004ed6        0xa 
 .text          0x06004ee0      0x3a0 ../../saturnringlib/../modules/sgl/LIB/LIBCD.A(CDC_CMN.O)
                0x06004ee0                CDC_GetCurStat
                0x06004f30                CDC_GetLastStat
                0x06004f48                CDC_GetPeriStat
                0x0600501c                CDC_GetHwInfo
                0x06005084                CDC_TgetToc
                0x060050d4                CDC_GetSes
                0x06005110                CDC_CdInit
                0x06005194                CDC_CdOpen
                0x060051bc                CDC_DataReady
                0x06005228                CDC_DataEnd
 .text          0x06005280      0x194 ../../saturnringlib/../modules/sgl/LIB/LIBCD.A(CDC_CFS.O)
                0x06005280                CDC_ChgDir
                0x060052b4                CDC_ReadDir
                0x060052e8                CDC_GetFileScope
                0x06005348                CDC_TgetFileInfo
                0x060053a4                CDC_ReadFile
                0x060053d8                CDC_AbortFile
 *fill*         0x06005414        0xc 
 .text          0x06005420      0x2dc ../../saturnringlib/../modules/sgl/LIB/LIBCD.A(CDC_REG.O)
                0x06005420                CDC_GetDataPtr
                0x06005430                CDC_GetHirqReq
                0x06005444                CDC_ClrHirqReq
                0x06005474                CDREG_ClrHirqReq
                0x06005484                CDREG_InitHirqReq
                0x060054ac                CDREG_SetHirqFlag
                0x060054c0                CDC_GetHirqMsk
                0x060054d4                CDC_SetHirqMsk
                0x060054e4                CDC_GetMpegPtr
                0x060054f4                CDREG_TgetData
                0x06005550                CDREG_CmdRsp
                0x06005650                CDREG_WaitHirq
                0x060056c0                CDREG_ReadRsp
 *fill*         0x060056fc        0x4 
 .text          0x06005700      0x152 ../../saturnringlib/../modules/sgl/LIB/LIBCD.A(CDC_SUB.O)
                0x06005700                CDSUB_UpdStatus
                0x06005718                CDSUB_UpdCdstat
                0x06005738                CDSUB_CdCmd
                0x060057a8                CDSUB_GetCdstat
                0x060057e8                CDSUB_RspToCdstat
                0x06005830                CDSUB_SoftTimer
 *fill*         0x06005852        0xe 
 .text          0x06005860     0x1adc ../../saturnringlib/../modules/sgl/LIB/LIBCD.A(GFS.O)
                0x06005860                gfs_version
                0x06005880                GFS_Init
                0x06005968                GFS_LoadDir
                0x06005a10                GFS_SetDir
                0x06005a78                GFS_NameToId
                0x06005adc                GFS_IdToName
                0x06005b48                GFS_GetDirInfo
                0x06005bb8                GFS_Reset
                0x06005c3c                GFS_Open
                0x06005cf0                GFS_Close
                0x06005d28                GFS_Seek
                0x06005ddc                GFS_Tell
                0x06005e2c                GFS_IsEof
                0x06005e80                GFS_ByteToSct
                0x06005edc                GFS_GetFileSize
                0x06005f38                GFS_GetFileInfo
                0x06005fac                GFS_GetNumCdbuf
                0x06005fd4                GFS_Load
                0x06006098                GFS_Fread
                0x06006134                gfs_waitRead
                0x060061dc                GFS_NwFread
                0x060062e8                GFS_NwCdRead
                0x06006360                GFS_NwIsComplete
                0x06006398                GFS_NwStop
                0x06006404                GFS_NwGetStat
                0x06006480                gfs_recovRdErr
                0x060064b0                GFS_NwExecOne
                0x06006570                GFS_NwExecServer
                0x060065ec                GFS_SetGmode
                0x06006650                GFS_SetTmode
                0x060066bc                GFS_SetReadPara
                0x06006720                GFS_SetTransPara
                0x0600678c                GFS_SetTrFunc
                0x060067f0                GFS_StartTrans
                0x0600683c                GFS_CdMovePickup
                0x060068a8                GFS_SetErrFunc
                0x060068d4                GFS_GetErrStat
                0x060068f8                GFS_ConvTno
                0x06006920                gfs_chgRoot
                0x060069ec                gfs_aborttrans
                0x060069f8                gfs_mngSetupFuncTbl
                0x06006a2c                gfs_mngInitWork
                0x06006ad0                gfs_mngGetNumFile
                0x06006b38                GFS_mngAllocGrp
                0x06006b80                gfs_mngFreeGrp
                0x06006b8c                gfs_mngTermAccess
                0x06006c10                gfs_mngSetErrCode
                0x06006c90                gfs_svrSearchHndl
                0x06006cd0                gfs_svrAddHndl
                0x06006d0c                gfs_svrRemoveHndl
                0x06006d68                GFS_OpenSub
                0x06006dc0                gfs_loadVol
                0x06006e84                gfs_getRootDir
                0x06006f80                gfs_loadRootDir
                0x06007008                gfs_flowIn
                0x060070b0                gfs_transData
                0x06007154                GFS_GetFad
                0x060071ac                gfs_SetSct
                0x060071ec                gfs_GetFinfo
                0x0600722c                gfs_closeSub
                0x06007268                gfs_getGmode
                0x06007274                gfs_isTaskDone
                0x060072c8                gfs_convFinStat
 *fill*         0x0600733c        0x4 
 .text          0x06007340      0x106 ../../saturnringlib/../modules/sgl/LIB/LIBCD.A(GFS_BUF.O)
                0x06007370                GFBF_GetTranData
                0x06007398                GFBF_GetNumData
                0x060073c8                GFBF_GetSrcPk
                0x060073f0                GFBF_GetSctData
                0x06007414                GFBF_RtnPk
                0x0600743c                gfbf_getSctDt
 *fill*         0x06007446        0xa 
 .text          0x06007450      0x600 ../../saturnringlib/../modules/sgl/LIB/LIBCD.A(GFS_CDB.O)
                0x06007450                GFCB_Setup
                0x06007570                GFCB_Close
                0x06007598                GFCB_GetLenData
                0x06007644                GFCB_GetLenRoom
                0x06007650                GFCB_SetFilt
                0x060076b8                GFCB_DeleteAllData
                0x060076e0                GFCB_Tell
                0x060076f0                gfcb_getSctNum
                0x06007740                GFCB_Seek
                0x0600783c                GFCB_GetSrcPack
                0x0600791c                GFCB_GetSctData
                0x06007954                GFCB_GetDstPack
                0x06007960                GFCB_RtnPk
                0x060079a8                GFCB_MovePickup
                0x060079c4                GFCB_SetCon
                0x060079f8                GFCB_GetPickup
                0x06007a20                GFCB_IsPuOwner
                0x06007a38                GFCB_UngetPickup
 .text          0x06007a50     0x1a10 ../../saturnringlib/../modules/sgl/LIB/LIBCD.A(GFS_CDC.O)
                0x06007a50                GFCD_SetCdbfs
                0x06007a7c                GFCD_Init
                0x06007c80                GFCD_AllocFilt
                0x06007cbc                GFCD_FreeFilt
                0x06007cec                GFCD_AllocBuf
                0x06007d20                GFCD_FreeBuf
                0x06007dc4                GFCD_GetBaseFad
                0x06007df8                GFCD_GetPickup
                0x06007e2c                GFCD_UngetPickup
                0x06007e58                GFCD_IsPuOwner
                0x06007e7c                GFCD_SetFilt
                0x06007f40                GFCD_GetFilt
                0x06007f88                GFCD_SetCon
                0x06007fe0                GFCD_Play
                0x06008040                GFCD_GetLenData
                0x060080a8                GFCD_ReqData
                0x06008104                GFCD_EndData
                0x0600814c                GFCD_DelSctData
                0x060081a4                GFCD_CheckDelSctData
                0x060081d4                GFCD_GetStat
                0x06008288                GFCD_MovePickup
                0x060082d4                GFCD_MoveSctData
                0x06008348                GFCD_CheckMove
                0x0600836c                GFCD_GetSctInfo
                0x060083b4                GFCD_ChgDir
                0x06008428                GFCD_SetFiltCon
                0x06008510                GFCD_GetFileInfo
                0x060085ec                GFCD_GetBufSiz
                0x06008624                GFCD_ExecServer
                0x060086f8                gfcd_isIdleTask
                0x06008784                gfcd_doTask
                0x06008830                GFCD_SetTimer
                0x06008844                GFCD_WaitServer
                0x06008880                gfcd_doSetFiltTsk
                0x06008a44                gfcd_doSetConTsk
                0x06008ad4                gfcd_doGetLenDataTsk
                0x06008c28                gfcd_doReqDataTsk
                0x06008cc8                gfcd_doDelSctDataTsk
                0x06008dfc                gfcd_doMoveSctTsk
                0x06008f60                gfcd_doChgDirTsk
                0x0600915c                gfcd_doSetFiltConTsk
                0x060092a0                gfcd_checkEflag
                0x060092c4                gfcd_initCdbMng
                0x06009344                gfcd_setStat
                0x06009370                GFCD_SetCsctFunc
                0x0600938c                GFCD_ChkScdqFlag
                0x060093b0                GFCD_ClrScdqFlag
                0x060093cc                GFCD_WaitScdqFlag
                0x06009410                GFCD_WaitPause
 .text          0x06009460      0x8d8 ../../saturnringlib/../modules/sgl/LIB/LIBCD.A(GFS_CDF.O)
                0x06009460                GFCF_Init
                0x06009500                GFCF_Setup
                0x06009648                GFCF_SetSct
                0x0600968c                GFCF_GetFileInfo
                0x06009700                GFCF_FlowInBuf
                0x06009854                GFCF_StopInBuf
                0x060098f4                GFCF_Recover
                0x0600993c                GFCF_Tell
                0x06009954                GFCF_Seek
                0x0600996c                GFCF_MovePickup
                0x06009a08                GFCF_cnvIntlvOfs
                0x06009a5c                GFCF_GetStat
                0x06009af4                gfcf_getSctSize
                0x06009b30                gfcf_isCdOk
                0x06009bf0                gfcf_getPlayRange
 *fill*         0x06009d38        0x8 
 .text          0x06009d40      0x92c ../../saturnringlib/../modules/sgl/LIB/LIBCD.A(GFS_DIR.O)
                0x06009d40                GFDR_SetupDirTbl
                0x06009db4                GFDR_NameToId
                0x06009e14                GFDR_GetInfoDirId
                0x06009e28                GFDR_GetInfoDirName
                0x06009e3c                GFDR_GetAtrDirId
                0x06009e54                GFDR_GetAtrDirName
                0x06009e6c                GFDR_ChgRoot
                0x06009e84                GFDR_ChgDir
                0x06009ef8                gfdr_setupDirIdTbl
                0x06009f7c                gfdr_setupDirNameTbl
                0x0600a028                gfdr_open
                0x0600a050                gfdr_read
                0x0600a110                gfdr_readByte
                0x0600a13c                gfdr_readWord
                0x0600a168                gfdr_readWordNB
                0x0600a1bc                gfdr_readLongNB
                0x0600a208                gfdr_readLongNM
                0x0600a230                gfdr_setNextRec
                0x0600a2b4                gfdr_readDirEnt
                0x0600a630                gfdr_setDirrecCd
 *fill*         0x0600a66c        0x4 
 .text          0x0600a670      0x9c6 ../../saturnringlib/../modules/sgl/LIB/LIBCD.A(GFS_TRN.O)
                0x0600a6a0                GFTR_Setup
                0x0600a6e4                GFTR_SetMode
                0x0600a6f8                GFTR_SetUnit
                0x0600a704                GFTR_SetTransPara
                0x0600a738                GFTR_GetTransPara
                0x0600a744                GFTR_GetNumTrans
                0x0600a750                GFTR_SetTransMax
                0x0600a75c                GFTR_Start
                0x0600a768                GFTR_Pause
                0x0600a774                GFTR_Stop
                0x0600a82c                GFTR_Exec
                0x0600a8b0                GFTR_Idle
                0x0600a928                GFTR_ExecSvr
                0x0600aa30                gftr_getSrcPack
                0x0600aab8                gftr_getDstPack
                0x0600ab14                gftr_reqScu
                0x0600ab20                gftr_execScu
                0x0600abbc                gftr_remScu
                0x0600abf0                gfdma_canUse
                0x0600abfc                gfdma_exec
                0x0600ac6c                gfdma_getBytecnt
                0x0600aca4                gftr_reqDma0
                0x0600acbc                gftr_execSdma0
                0x0600ace0                gftr_remDma0
                0x0600acf8                gftr_reqDma1
                0x0600ad10                gftr_execSdma1
                0x0600ad34                gftr_remDma1
                0x0600ad4c                gftr_reqCpu
                0x0600ad58                gftr_execCpu
                0x0600ad98                gftr_remCpu
                0x0600ada4                gftr_reqTrn
                0x0600ae14                gftr_execTrn
                0x0600aeec                gftr_remTrn
                0x0600af60                gftr_copyFrac
                0x0600af88                GFTR_GetLenData
                0x0600af94                GFTR_GetLenRoom
                0x0600afac                GFTR_GetDstPack
                0x0600afe0                GFTR_RtnDstPk
                0x0600affc                GFTR_GetData
                0x0600b010                GFTR_SetData
                0x0600b024                GFTR_SetTransFunc
 *fill*         0x0600b036        0xa 
 .text          0x0600b040      0x130 ../../saturnringlib/../modules/sgl/LIB/LIBCD.A(CDC_DRV.O)
                0x0600b040                CDC_CdPlay
                0x0600b10c                CDC_CdSeek
                0x0600b140                CDC_CdScan
 .text          0x0600b170       0xa8 ../../saturnringlib/../modules/sgl/LIB/LIBCD.A(CDC_DEV.O)
                0x0600b170                CDC_CdSetCon
                0x0600b1a0                CDC_CdGetCon
                0x0600b1dc                CDC_CdGetLastBuf
 *fill*         0x0600b218        0x8 
 .text          0x0600b220      0x2b8 ../../saturnringlib/../modules/sgl/LIB/LIBCD.A(CDC_SEL.O)
                0x0600b220                CDC_SetFiltRange
                0x0600b254                CDC_GetFiltRange
                0x0600b2ac                CDC_SetFiltSubh
                0x0600b31c                CDC_GetFiltSubh
                0x0600b398                CDC_SetFiltMode
                0x0600b3cc                CDC_GetFiltMode
                0x0600b410                CDC_SetFiltCon
                0x0600b450                CDC_GetFiltCon
                0x0600b4a4                CDC_ResetSelector
 *fill*         0x0600b4d8        0x8 
 .text          0x0600b4e0      0x270 ../../saturnringlib/../modules/sgl/LIB/LIBCD.A(CDC_BIF.O)
                0x0600b4e0                CDC_GetBufSiz
                0x0600b53c                CDC_GetSctNum
                0x0600b580                CDC_CalActSiz
                0x0600b5bc                CDC_GetActSiz
                0x0600b63c                CDC_GetSctInfo
                0x0600b6bc                CDC_ExeFadSearch
                0x0600b6f4                CDC_GetFadSearch
 .text          0x0600b750      0x1e4 ../../saturnringlib/../modules/sgl/LIB/LIBCD.A(CDC_BIO.O)
                0x0600b750                CDC_SetSctLen
                0x0600b784                CDC_GetSctData
                0x0600b7c0                CDC_DelSctData
                0x0600b7fc                CDC_GetdelSctData
                0x0600b838                CDC_PutSctData
                0x0600b870                CDC_CopySctData
                0x0600b8b4                CDC_MoveSctData
                0x0600b8f8                CDC_GetCopyErr
 *fill*         0x0600b934        0xc 
 .text          0x0600b940        0x0 ../../saturnringlib/../modules/sgl/LIB/LIBSGL.A(sglB001.o)
 .text          0x0600b940        0x0 ../../saturnringlib/../modules/sgl/LIB/LIBSGL.A(sglB002.o)
 .text          0x0600b940        0x0 ../../saturnringlib/../modules/sgl/LIB/LIBSGL.A(sglB015.o)
 .text          0x0600b940        0x0 ../../saturnringlib/../modules/sgl/LIB/LIBSGL.A(sglB016.o)
 .text          0x0600b940        0x0 ../../saturnringlib/../modules/sgl/LIB/LIBSGL.A(sglB034.o)
 .text          0x0600b940        0x0 ../../saturnringlib/../modules/sgl/LIB/LIBSGL.A(sglB038.o)
 .text          0x0600b940        0x0 ../../saturnringlib/../modules/sgl/LIB/LIBSGL.A(sglB058.o)
 .text          0x0600b940        0x0 ../../saturnringlib/../modules/sgl/LIB/LIBSGL.A(sglB063.o)
 .text          0x0600b940        0x0 ../../saturnringlib/../modules/sgl/LIB/LIBSGL.A(sglB200.o)
 .text          0x0600b940        0x0 ../../saturnringlib/../modules/sgl/LIB/LIBSGL.A(sglC04.o)
 .text          0x0600b940        0x0 ../../saturnringlib/../modules/sgl/LIB/LIBSGL.A(sglD00.o)
 .text          0x0600b940        0x0 ../../saturnringlib/../modules/sgl/LIB/LIBSGL.A(sglD01.o)
 .text          0x0600b940        0x0 ../../saturnringlib/../modules/sgl/LIB/LIBSGL.A(sglD02.o)
 .text          0x0600b940        0x0 ../../saturnringlib/../modules/sgl/LIB/LIBSGL.A(sglD03.o)
 .text          0x0600b940        0x0 ../../saturnringlib/../modules/sgl/LIB/LIBSGL.A(sglD15.o)
 .text          0x0600b940        0x0 ../../saturnringlib/../modules/sgl/LIB/LIBSGL.A(sglD16.o)
 .text          0x0600b940        0x0 ../../saturnringlib/../modules/sgl/LIB/LIBSGL.A(sglD17.o)
 .text          0x0600b940        0x0 ../../saturnringlib/../modules/sgl/LIB/LIBSGL.A(sglD18.o)
 .text          0x0600b940        0x0 ../../saturnringlib/../modules/sgl/LIB/LIBSGL.A(sglG00.o)
 .text          0x0600b940        0x0 ../../saturnringlib/../modules/sgl/LIB/LIBSGL.A(sglH00.o)
 .text          0x0600b940        0x0 ../../saturnringlib/../modules/sgl/LIB/LIBSGL.A(sglH02.o)
 .text          0x0600b940        0x0 ../../saturnringlib/../modules/sgl/LIB/LIBSGL.A(sglH04.o)
 .text          0x0600b940        0x0 ../../saturnringlib/../modules/sgl/LIB/LIBSGL.A(sglI01.o)
 .text          0x0600b940        0x0 ../../saturnringlib/../modules/sgl/LIB/LIBSGL.A(sglI04.o)
 .text          0x0600b940      0x128 ../../saturnringlib/../modules/sgl/LIB/LIBSGL.A(sglIc0.o)
                0x0600b940                slInitSystem
 *fill*         0x0600ba68        0x8 
 .text          0x0600ba70        0x0 ../../saturnringlib/../modules/sgl/LIB/LIBSGL.A(sglJ00.o)
 .text          0x0600ba70        0x0 ../../saturnringlib/../modules/sgl/LIB/LIBSGL.A(sglJ01.o)
 .text          0x0600ba70        0x0 ../../saturnringlib/../modules/sgl/LIB/LIBSGL.A(sglJ02.o)
 .text          0x0600ba70        0x0 ../../saturnringlib/../modules/sgl/LIB/LIBSGL.A(sglJ03.o)
 .text          0x0600ba70        0x0 ../../saturnringlib/../modules/sgl/LIB/LIBSGL.A(sglJ04.o)
 .text          0x0600ba70        0x0 ../../saturnringlib/../modules/sgl/LIB/LIBSGL.A(sglJ05.o)
 .text          0x0600ba70        0x0 ../../saturnringlib/../modules/sgl/LIB/LIBSGL.A(sglK01.o)
 .text          0x0600ba70        0x0 ../../saturnringlib/../modules/sgl/LIB/LIBSGL.A(sglM01.o)
 .text          0x0600ba70        0x0 ../../saturnringlib/../modules/sgl/LIB/LIBSGL.A(sglA00.o)
 .text          0x0600ba70        0x0 ../../saturnringlib/../modules/sgl/LIB/LIBSGL.A(sglA20.o)
 .text          0x0600ba70        0x0 ../../saturnringlib/../modules/sgl/LIB/LIBSGL.A(sglB000.o)
 .text          0x0600ba70        0x0 ../../saturnringlib/../modules/sgl/LIB/LIBSGL.A(sglB035.o)
 .text          0x0600ba70        0x0 ../../saturnringlib/../modules/sgl/LIB/LIBSGL.A(sglC00.o)
 .text          0x0600ba70        0x0 ../../saturnringlib/../modules/sgl/LIB/LIBSGL.A(sglI00.o)
 .text          0x0600ba70        0x0 ../../saturnringlib/../modules/sgl/LIB/LIBSGL.A(sglH03.o)
 .text          0x0600ba70     0x10b4 ../../saturnringlib/../modules/sgl/LIB/LIBSND.A(snd_main.o)
                0x0600ba70                SND_Init
                0x0600bbe8                SND_MoveData
                0x0600bc34                SND_ChgMap
                0x0600bd0c                SND_SetTlVl
                0x0600bd6c                SND_ChgEfct
                0x0600bdcc                SND_ChgMix
                0x0600be38                SND_ChgMixPrm
                0x0600bec0                SND_ChkHard
                0x0600bf5c                SND_StopDsp
                0x0600bfb0                SND_OffAllSound
                0x0600c004                SND_StartSeq
                0x0600c088                SND_StopSeq
                0x0600c0e8                SND_PauseSeq
                0x0600c148                SND_ContSeq
                0x0600c1a8                SND_SetSeqVl
                0x0600c220                SND_ChgTempo
                0x0600c29c                SND_CtrlDirMidi
                0x0600c354                SND_SetSeqPan
                0x0600c3c8                SND_StartPcm
                0x0600c4d8                SND_StopPcm
                0x0600c538                SND_ChgPcm
                0x0600c608                SND_StartVlAnl
                0x0600c65c                SND_StopVlAnl
                0x0600c6b0                SND_SetCdDaLev
                0x0600c72c                SND_SetCdDaPan
                0x0600c7a8                SND_GetSeqStat
                0x0600c7d0                SND_GetSeqPlayPos
                0x0600c7ec                SND_GetPcmPlayAdr
                0x0600c814                SND_GetAnlTlVl
                0x0600c830                SND_GetAnlHzVl
                0x0600c9ec                SND_SetQSound
                0x0600ca58                SND_Set3D_Stat
                0x0600cad0                SND_Set3D_Init
 .text          0x0600cb24       0x52 M:/Saturn/Development/_SaturnRingLib-Vdp2-rotation-param-B/Compiler/sh2eb-elf/bin/../lib/gcc/sh-elf/14.2.0\libgcc.a(_ashiftrt.o)
                0x0600cb24                __ashiftrt_r4_31
                0x0600cb24                __ashiftrt_r4_32
                0x0600cb2a                __ashiftrt_r4_30
                0x0600cb2c                __ashiftrt_r4_29
                0x0600cb2e                __ashiftrt_r4_28
                0x0600cb30                __ashiftrt_r4_27
                0x0600cb32                __ashiftrt_r4_26
                0x0600cb34                __ashiftrt_r4_25
                0x0600cb36                __ashiftrt_r4_24
                0x0600cb3e                __ashiftrt_r4_23
                0x0600cb40                __ashiftrt_r4_22
                0x0600cb42                __ashiftrt_r4_21
                0x0600cb44                __ashiftrt_r4_20
                0x0600cb46                __ashiftrt_r4_19
                0x0600cb48                __ashiftrt_r4_18
                0x0600cb4a                __ashiftrt_r4_17
                0x0600cb4c                __ashiftrt_r4_16
                0x0600cb52                __ashiftrt_r4_15
                0x0600cb54                __ashiftrt_r4_14
                0x0600cb56                __ashiftrt_r4_13
                0x0600cb58                __ashiftrt_r4_12
                0x0600cb5a                __ashiftrt_r4_11
                0x0600cb5c                __ashiftrt_r4_10
                0x0600cb5e                __ashiftrt_r4_9
                0x0600cb60                __ashiftrt_r4_8
                0x0600cb62                __ashiftrt_r4_7
                0x0600cb64                __ashiftrt_r4_6
                0x0600cb66                __ashiftrt_r4_5
                0x0600cb68                __ashiftrt_r4_4
                0x0600cb6a                __ashiftrt_r4_3
                0x0600cb6c                __ashiftrt_r4_2
                0x0600cb6e                __ashiftrt_r4_1
                0x0600cb72                __ashiftrt_r4_0
 *fill*         0x0600cb76        0x2 
 .text          0x0600cb78       0x80 M:/Saturn/Development/_SaturnRingLib-Vdp2-rotation-param-B/Compiler/sh2eb-elf/bin/../lib/gcc/sh-elf/14.2.0\libgcc.a(_ashiftrt_n.o)
                0x0600cb78                __ashrsi3
 .text          0x0600cbf8       0xbc M:/Saturn/Development/_SaturnRingLib-Vdp2-rotation-param-B/Compiler/sh2eb-elf/bin/../lib/gcc/sh-elf/14.2.0\libgcc.a(_ashiftlt.o)
                0x0600cbf8                __ashlsi3
                0x0600cbfc                __ashlsi3_r0
 .text          0x0600ccb4       0xbc M:/Saturn/Development/_SaturnRingLib-Vdp2-rotation-param-B/Compiler/sh2eb-elf/bin/../lib/gcc/sh-elf/14.2.0\libgcc.a(_lshiftrt.o)
                0x0600ccb4                __lshrsi3
                0x0600ccb8                __lshrsi3_r0
 .text          0x0600cd70       0xa0 M:/Saturn/Development/_SaturnRingLib-Vdp2-rotation-param-B/Compiler/sh2eb-elf/bin/../lib/gcc/sh-elf/14.2.0\libgcc.a(_sdivsi3.o)
                0x0600cd70                __sdivsi3
 .text          0x0600ce10       0x6c M:/Saturn/Development/_SaturnRingLib-Vdp2-rotation-param-B/Compiler/sh2eb-elf/bin/../lib/gcc/sh-elf/14.2.0\libgcc.a(_udivsi3.o)
                0x0600ce32                __udivsi3
 .text          0x0600ce7c       0x64 M:/Saturn/Development/_SaturnRingLib-Vdp2-rotation-param-B/Compiler/sh2eb-elf/bin/../lib/gcc/sh-elf/14.2.0\libgcc.a(_ffssi2.o)
                0x0600ce7c                __ffssi2
 .text          0x0600cee0        0x0 M:/Saturn/Development/_SaturnRingLib-Vdp2-rotation-param-B/Compiler/sh2eb-elf/bin/../lib/gcc/sh-elf/14.2.0\libgcc.a(_clz.o)
 .text          0x0600cee0       0x74 M:/Saturn/Development/_SaturnRingLib-Vdp2-rotation-param-B/Compiler/sh2eb-elf/bin/../lib/gcc/sh-elf/14.2.0\libgcc.a(_clzsi2.o)
                0x0600cee0                __clzsi2
 .text          0x0600cf54       0x1e M:/Saturn/Development/_SaturnRingLib-Vdp2-rotation-param-B/Compiler/sh2eb-elf/bin/../lib/gcc/sh-elf/14.2.0/../../../../sh-elf/lib\libc.a(libc_a-memcmp.o)
                0x0600cf54                memcmp
 .text          0x0600cf72       0x26 M:/Saturn/Development/_SaturnRingLib-Vdp2-rotation-param-B/Compiler/sh2eb-elf/bin/../lib/gcc/sh-elf/14.2.0/../../../../sh-elf/lib\libc.a(libc_a-strncmp.o)
                0x0600cf72                strncmp
 .text          0x0600cf98       0x32 M:/Saturn/Development/_SaturnRingLib-Vdp2-rotation-param-B/Compiler/sh2eb-elf/bin/../lib/gcc/sh-elf/14.2.0/../../../../sh-elf/lib\libc.a(libc_a-strncpy.o)
                0x0600cf98                strncpy
 *fill*         0x0600cfca        0x2 
 .text          0x0600cfcc       0x94 M:/Saturn/Development/_SaturnRingLib-Vdp2-rotation-param-B/Compiler/sh2eb-elf/bin/../lib/gcc/sh-elf/14.2.0/../../../../sh-elf/lib\libc.a(libc_a-memcpy.o)
                0x0600cfcc                memcpy
 .text          0x0600d060       0x40 M:/Saturn/Development/_SaturnRingLib-Vdp2-rotation-param-B/Compiler/sh2eb-elf/bin/../lib/gcc/sh-elf/14.2.0/../../../../sh-elf/lib\libc.a(libc_a-memset.o)
                0x0600d060                memset
 *(.text*)
 .text._ZN3SRL5Timer10FrtHandlerEv
                0x0600d0a0       0x40 src/main.o
                0x0600d0a0                SRL::Timer::FrtHandler()
 .text._ZN3SRL4Core14VblankHandlingEv
                0x0600d0e0      0x158 src/main.o
                0x0600d0e0                SRL::Core::VblankHandling()
 .text._ZN3SRL2TV13SetScreenSizeENS0_11ResolutionsE
                0x0600d238      0x170 src/main.o
                0x0600d238                SRL::TV::SetScreenSize(SRL::TV::Resolutions)
 .text._ZN3SRL4VDP210InitializeERKNS_5Types9HighColorE
                0x0600d3a8      0x1d0 src/main.o
                0x0600d3a8                SRL::VDP2::Initialize(SRL::Types::HighColor const&)
 .text._ZN3SRL5Input3Gun11SynchronizeEv
                0x0600d578      0x1d0 src/main.o
                0x0600d578                SRL::Input::Gun::Synchronize()
 .text._ZN3SRL5Sound8Hardware10InitializeEv
                0x0600d748      0x78c src/main.o
                0x0600d748                SRL::Sound::Hardware::Initialize()
 .text.startup  0x0600ded4      0x788 src/main.o
                0x0600ded4                main
 .text._ZN3SRL5Types5EventIJEEC2Ev
                0x0600e65c      0x12c src/main.o
                0x0600e65c                SRL::Types::Event<>::Event()
                0x0600e65c                SRL::Types::Event<>::Event()
 .text._ZN3SRL5Types5EventIJlEEC2Ev
                0x0600e788      0x12c src/main.o
                0x0600e788                SRL::Types::Event<long>::Event()
                0x0600e788                SRL::Types::Event<long>::Event()
 .text._ZN3SRL5Types5EventIJEED2Ev
                0x0600e8b4       0x90 src/main.o
                0x0600e8b4                SRL::Types::Event<>::~Event()
                0x0600e8b4                SRL::Types::Event<>::~Event()
 .text.exit     0x0600e944      0x13c src/main.o
 *(.strings*)
 *(SEGA_P)
                0x0600ea80                        __etext = .

SLPROG          0x0600ea80     0x5c00
                0x0600ea80                        __slprog_start = .
 *(SLPROG)
 SLPROG         0x0600ea80       0x20 ../../saturnringlib/../modules/sgl/LIB/LIBSGL.A(sglB001.o)
                0x0600ea80                slTVOn
                0x0600ea8a                slTVOff
 SLPROG         0x0600eaa0       0x1e ../../saturnringlib/../modules/sgl/LIB/LIBSGL.A(sglB002.o)
                0x0600eaa0                slColRAMMode
 *fill*         0x0600eabe        0x2 
 SLPROG         0x0600eac0      0x40c ../../saturnringlib/../modules/sgl/LIB/LIBSGL.A(sglB015.o)
                0x0600eac0                slScrAutoDisp
 *fill*         0x0600eecc        0x4 
 SLPROG         0x0600eed0        0xc ../../saturnringlib/../modules/sgl/LIB/LIBSGL.A(sglB016.o)
                0x0600eed0                slBack1ColSet
 *fill*         0x0600eedc        0x4 
 SLPROG         0x0600eee0       0xb4 ../../saturnringlib/../modules/sgl/LIB/LIBSGL.A(sglB034.o)
                0x0600eee0                slMapNbg3
 *fill*         0x0600ef94        0xc 
 SLPROG         0x0600efa0       0x70 ../../saturnringlib/../modules/sgl/LIB/LIBSGL.A(sglB038.o)
                0x0600efa0                slRparaInitSet
 SLPROG         0x0600f010       0x10 ../../saturnringlib/../modules/sgl/LIB/LIBSGL.A(sglB058.o)
                0x0600f010                slPlaneNbg3
 SLPROG         0x0600f020        0xc ../../saturnringlib/../modules/sgl/LIB/LIBSGL.A(sglB063.o)
                0x0600f020                slPriority
 *fill*         0x0600f02c        0x4 
 SLPROG         0x0600f030      0x114 ../../saturnringlib/../modules/sgl/LIB/LIBSGL.A(sglB200.o)
                0x0600f030                slCharRbg0
                0x0600f03c                slCharNbg0
                0x0600f048                slCharNbg1
                0x0600f054                slCharNbg2
                0x0600f06a                slCharNbg3
                0x0600f082                slPageRbg0
                0x0600f098                slPageNbg1
                0x0600f0a0                slPageNbg2
                0x0600f0a8                slPageNbg3
                0x0600f0b4                slPageNbg0
 *fill*         0x0600f144        0xc 
 SLPROG         0x0600f150       0x2c ../../saturnringlib/../modules/sgl/LIB/LIBSGL.A(sglC04.o)
                0x0600f150                slZdspLevel
 *fill*         0x0600f17c        0x4 
 SLPROG         0x0600f180       0x84 ../../saturnringlib/../modules/sgl/LIB/LIBSGL.A(sglD00.o)
                0x0600f180                slCpuDMACopy
                0x0600f180                slDMACopy
                0x0600f1da                CSH_AllClr
                0x0600f1da                slCashPurge
 *fill*         0x0600f204        0xc 
 SLPROG         0x0600f210       0xa0 ../../saturnringlib/../modules/sgl/LIB/LIBSGL.A(sglD01.o)
                0x0600f210                slDMAXCopy
 SLPROG         0x0600f2b0       0x10 ../../saturnringlib/../modules/sgl/LIB/LIBSGL.A(sglD02.o)
                0x0600f2b0                slDMAWait
 SLPROG         0x0600f2c0        0xc ../../saturnringlib/../modules/sgl/LIB/LIBSGL.A(sglD03.o)
                0x0600f2c0                slDMAStatus
 *fill*         0x0600f2cc        0x4 
 SLPROG         0x0600f2d0       0x20 ../../saturnringlib/../modules/sgl/LIB/LIBSGL.A(sglD15.o)
                0x0600f2d0                CSH_Purge
 SLPROG         0x0600f2f0       0x84 ../../saturnringlib/../modules/sgl/LIB/LIBSGL.A(sglD16.o)
                0x0600f2f0                DMA_ScuSetPrm
                0x0600f338                DMA_SCU_PRM0
 *fill*         0x0600f374        0xc 
 SLPROG         0x0600f380       0x88 ../../saturnringlib/../modules/sgl/LIB/LIBSGL.A(sglD17.o)
                0x0600f380                DMA_ScuStart
 *fill*         0x0600f408        0x8 
 SLPROG         0x0600f410       0x34 ../../saturnringlib/../modules/sgl/LIB/LIBSGL.A(sglD18.o)
                0x0600f410                DMA_ScuGetStatus
 *fill*         0x0600f444        0xc 
 SLPROG         0x0600f450      0x1d0 ../../saturnringlib/../modules/sgl/LIB/LIBSGL.A(sglG00.o)
                0x0600f450                slInitSound
                0x0600f554                slWaitSound
                0x0600f56c                slSndFlush
 SLPROG         0x0600f620      0xfc8 ../../saturnringlib/../modules/sgl/LIB/LIBSGL.A(sglH00.o)
                0x0600f638                slGetPortDir1
                0x0600f640                slGetPortDir2
                0x0600f648                slSetPortDir1
                0x0600f672                slSetPortDir2
                0x0600f6ac                slGetPortData1
                0x0600f6b4                slGetPortData2
                0x0600f6bc                slSetPortData1
                0x0600f6c6                slSetPortData2
                0x0600f6d8                slGetPortSelect1
                0x0600f6e2                slGetPortSelect2
                0x0600f6ec                slSetPortSelect1
                0x0600f720                slSetPortSelect2
                0x0600f75c                slGetPortExt1
                0x0600f766                slGetPortExt2
                0x0600f770                slSetPortExt1
                0x0600f7a0                slSetPortExt2
                0x0600f914                slSmpcDirectAccess
                0x0600f994                slInitPeripheral
                0x0600fa26                slSetResultBuffer
                0x0600fab2                slCheckIntBackSet
                0x0600fabe                slIntBackCancel
                0x0600fae8                slCheckReset
                0x0600faf2                slClearReset
                0x0600fcb8                slSmpcCashSend
                0x0600fd74                slSmpcCashBlow
                0x0600fe50                slGetOptimize
                0x0600fe5a                slSetOptimize
                0x0600fe80                slGetPortMode1
                0x0600fe8c                slGetPortMode2
                0x0600fe9a                slSetPortMode1
                0x0600fed8                slSetPortMode2
                0x06010064                slRequestCommand
                0x060100d4                Smpc_Status
                0x060100d8                Smpc_Result
                0x060100dc                Smpc_Peripheral
                0x060100e2                Per_Connect1
                0x060100e3                Per_Connect2
                0x06010104                SmpcStatusBuf
 *fill*         0x060105e8        0x8 
 SLPROG         0x060105f0      0x470 ../../saturnringlib/../modules/sgl/LIB/LIBSGL.A(sglH02.o)
                0x060109e0                smpc_pfr_tbl
                0x06010a20                smpc_ptf_tbl
 SLPROG         0x06010a60       0x60 ../../saturnringlib/../modules/sgl/LIB/LIBSGL.A(sglH04.o)
                0x06010a60                slComPrmIntBack
                0x06010a74                slComPrmSetMemory
                0x06010a8a                slComPrmSetTime
 SLPROG         0x06010ac0      0x3a4 ../../saturnringlib/../modules/sgl/LIB/LIBSGL.A(sglI01.o)
                0x06010ac0                slInitSynch
                0x06010ada                slSynch
                0x06010bd0                slRandom
                0x06010bee                PCM_EndCheck
                0x06010caa                RetPCMBuf
                0x06010d44                PCM_Buf
                0x06010de4                Sound_Buf
 *fill*         0x06010e64        0xc 
 SLPROG         0x06010e70       0x10 ../../saturnringlib/../modules/sgl/LIB/LIBSGL.A(sglI04.o)
                0x06010e70                slIntFunction
 SLPROG         0x06010e80       0x74 ../../saturnringlib/../modules/sgl/LIB/LIBSGL.A(sglJ00.o)
                0x06010e80                InitSlaveSH
                0x06010ee8                SlaveCommand
 *fill*         0x06010ef4        0xc 
 SLPROG         0x06010f00      0x3d0 ../../saturnringlib/../modules/sgl/LIB/LIBSGL.A(sglJ01.o)
                0x06010f00                SlaveControl
                0x060112bc                ErasePolygonData
 SLPROG         0x060112d0     0x12b8 ../../saturnringlib/../modules/sgl/LIB/LIBSGL.A(sglJ02.o)
                0x060112d0                sbMakePolygon
                0x060114b8                sbCalcPolygon
                0x060121f0                SetTexture
                0x060121fc                SetPolygon
                0x06012204                SetPosition
                0x0601223c                stvtc_4
                0x060122f4                stvtc_3
                0x06012504                stvtc_1
                0x06012518                stvtc_2
                0x0601252c                stvtc_0
 *fill*         0x06012588        0x8 
 SLPROG         0x06012590      0x140 ../../saturnringlib/../modules/sgl/LIB/LIBSGL.A(sglJ03.o)
                0x06012590                sbMakeDMATable
 SLPROG         0x060126d0      0x470 ../../saturnringlib/../modules/sgl/LIB/LIBSGL.A(sglJ04.o)
                0x0601272e                sbMakeSprite
                0x06012794                sbMakeRotSprite
 SLPROG         0x06012b40       0x3c ../../saturnringlib/../modules/sgl/LIB/LIBSGL.A(sglJ05.o)
                0x06012b40                sbSortEntry
 *fill*         0x06012b7c        0x4 
 SLPROG         0x06012b80       0x6a ../../saturnringlib/../modules/sgl/LIB/LIBSGL.A(sglM01.o)
                0x06012b80                slSetDepthLimit
                0x06012bac                slSetDepthTbl
                0x06012bdc                DepthWorkArea
 *fill*         0x06012bea        0x6 
 SLPROG         0x06012bf0       0x20 ../../saturnringlib/../modules/sgl/LIB/LIBSGL.A(sglA00.o)
                0x06012bf0                set_imask
                0x06012bf0                _builtin_set_imask
                0x06012c04                _builtin_get_imask
                0x06012c04                get_imask
 SLPROG         0x06012c10      0x42c ../../saturnringlib/../modules/sgl/LIB/LIBSGL.A(sglA20.o)
                0x06012c10                slInitMatrix
                0x06012c1a                slPushUnitMatrix
                0x06012c2e                slUnitMatrix
 *fill*         0x0601303c        0x4 
 SLPROG         0x06013040      0xbd0 ../../saturnringlib/../modules/sgl/LIB/LIBSGL.A(sglB000.o)
                0x06013040                slInitScroll
                0x06013160                setASC_1to8
                0x06013190                setASC_4to8
                0x060132a0                TVSizeTbl
                0x06013320                TVModeTbl
                0x060134f8                SGL_ASCII_CG
 SLPROG         0x06013c10       0xd4 ../../saturnringlib/../modules/sgl/LIB/LIBSGL.A(sglB035.o)
                0x06013c10                sl1MapRA
                0x06013ca2                rbank_set
 *fill*         0x06013ce4        0xc 
 SLPROG         0x06013cf0      0x134 ../../saturnringlib/../modules/sgl/LIB/LIBSGL.A(sglC00.o)
                0x06013cf0                slInitSprite
 *fill*         0x06013e24        0xc 
 SLPROG         0x06013e30      0x75c ../../saturnringlib/../modules/sgl/LIB/LIBSGL.A(sglI00.o)
                0x06014120                slInitInterrupt
 *fill*         0x0601458c        0x4 
 SLPROG         0x06014590       0xf0 ../../saturnringlib/../modules/sgl/LIB/LIBSGL.A(sglH03.o)
                0x060145f4                slSmpcIntBack
                0x06014680                        __slprog_end = .

.tors           0x06014680        0x8
                0x06014680                        ___ctors = .
 *(.ctors*)
 .ctors         0x06014680        0x4 src/main.o
                0x06014684                        ___ctors_end = .
                0x06014684                        ___dtors = .
 *(.dtors*)
 .dtors         0x06014684        0x4 src/main.o
                0x06014688                        ___dtors_end = .

.data           0x06014690      0x310
 *(.data)
 .data          0x06014690       0x28 ../../saturnringlib/../modules/sgl/LIB/../SRC/workarea.o
                0x06014690                PCM_Work
                0x06014694                SlaveStack
                0x06014698                TransList
                0x0601469c                MasterStack
                0x060146a0                SortList
                0x060146a4                Zbuffer
                0x060146a8                SpriteBuf
                0x060146ac                Pbuffer
                0x060146b0                CLOfstBuf
                0x060146b4                CommandBuf
 .data          0x060146b8        0x0 ../../saturnringlib/../modules/tlsf/tlsf.o
 .data          0x060146b8        0x0 ../../saturnringlib/../modules/sgl/SRC/preloader.o
 .data          0x060146b8        0x0 src/main.o
 *fill*         0x060146b8        0x8 
 .data          0x060146c0        0x0 ../../saturnringlib/../modules/sgl/LIB/SEGA_SYS.A(sys_exit.o)
 .data          0x060146c0        0x0 ../../saturnringlib/../modules/sgl/LIB/SEGA_SYS.A(sys_sub.o)
 .data          0x060146c0        0x0 ../../saturnringlib/../modules/sgl/LIB/LIBCD.A(CDC_CMN.O)
 .data          0x060146c0        0x0 ../../saturnringlib/../modules/sgl/LIB/LIBCD.A(CDC_CFS.O)
 .data          0x060146c0        0x0 ../../saturnringlib/../modules/sgl/LIB/LIBCD.A(CDC_REG.O)
 .data          0x060146c0        0x0 ../../saturnringlib/../modules/sgl/LIB/LIBCD.A(CDC_SUB.O)
 .data          0x060146c0        0x0 ../../saturnringlib/../modules/sgl/LIB/LIBCD.A(GFS.O)
 .data          0x060146c0        0x0 ../../saturnringlib/../modules/sgl/LIB/LIBCD.A(GFS_BUF.O)
 .data          0x060146c0        0x0 ../../saturnringlib/../modules/sgl/LIB/LIBCD.A(GFS_CDB.O)
 .data          0x060146c0        0x0 ../../saturnringlib/../modules/sgl/LIB/LIBCD.A(GFS_CDC.O)
 .data          0x060146c0        0x0 ../../saturnringlib/../modules/sgl/LIB/LIBCD.A(GFS_CDF.O)
 .data          0x060146c0        0x0 ../../saturnringlib/../modules/sgl/LIB/LIBCD.A(GFS_DIR.O)
 .data          0x060146c0        0x0 ../../saturnringlib/../modules/sgl/LIB/LIBCD.A(GFS_TRN.O)
 .data          0x060146c0        0x0 ../../saturnringlib/../modules/sgl/LIB/LIBCD.A(CDC_DRV.O)
 .data          0x060146c0        0x0 ../../saturnringlib/../modules/sgl/LIB/LIBCD.A(CDC_DEV.O)
 .data          0x060146c0        0x0 ../../saturnringlib/../modules/sgl/LIB/LIBCD.A(CDC_SEL.O)
 .data          0x060146c0        0x0 ../../saturnringlib/../modules/sgl/LIB/LIBCD.A(CDC_BIF.O)
 .data          0x060146c0        0x0 ../../saturnringlib/../modules/sgl/LIB/LIBCD.A(CDC_BIO.O)
 .data          0x060146c0        0x0 ../../saturnringlib/../modules/sgl/LIB/LIBSGL.A(sglB001.o)
 .data          0x060146c0        0x0 ../../saturnringlib/../modules/sgl/LIB/LIBSGL.A(sglB002.o)
 .data          0x060146c0        0x0 ../../saturnringlib/../modules/sgl/LIB/LIBSGL.A(sglB015.o)
 .data          0x060146c0        0x0 ../../saturnringlib/../modules/sgl/LIB/LIBSGL.A(sglB016.o)
 .data          0x060146c0        0x0 ../../saturnringlib/../modules/sgl/LIB/LIBSGL.A(sglB034.o)
 .data          0x060146c0        0x0 ../../saturnringlib/../modules/sgl/LIB/LIBSGL.A(sglB038.o)
 .data          0x060146c0        0x0 ../../saturnringlib/../modules/sgl/LIB/LIBSGL.A(sglB058.o)
 .data          0x060146c0        0x0 ../../saturnringlib/../modules/sgl/LIB/LIBSGL.A(sglB063.o)
 .data          0x060146c0        0x0 ../../saturnringlib/../modules/sgl/LIB/LIBSGL.A(sglB200.o)
 .data          0x060146c0        0x0 ../../saturnringlib/../modules/sgl/LIB/LIBSGL.A(sglC04.o)
 .data          0x060146c0        0x0 ../../saturnringlib/../modules/sgl/LIB/LIBSGL.A(sglD00.o)
 .data          0x060146c0        0x0 ../../saturnringlib/../modules/sgl/LIB/LIBSGL.A(sglD01.o)
 .data          0x060146c0        0x0 ../../saturnringlib/../modules/sgl/LIB/LIBSGL.A(sglD02.o)
 .data          0x060146c0        0x0 ../../saturnringlib/../modules/sgl/LIB/LIBSGL.A(sglD03.o)
 .data          0x060146c0        0x0 ../../saturnringlib/../modules/sgl/LIB/LIBSGL.A(sglD15.o)
 .data          0x060146c0        0x0 ../../saturnringlib/../modules/sgl/LIB/LIBSGL.A(sglD16.o)
 .data          0x060146c0        0x0 ../../saturnringlib/../modules/sgl/LIB/LIBSGL.A(sglD17.o)
 .data          0x060146c0        0x0 ../../saturnringlib/../modules/sgl/LIB/LIBSGL.A(sglD18.o)
 .data          0x060146c0        0x0 ../../saturnringlib/../modules/sgl/LIB/LIBSGL.A(sglG00.o)
 .data          0x060146c0        0x0 ../../saturnringlib/../modules/sgl/LIB/LIBSGL.A(sglH00.o)
 .data          0x060146c0        0x0 ../../saturnringlib/../modules/sgl/LIB/LIBSGL.A(sglH02.o)
 .data          0x060146c0        0x0 ../../saturnringlib/../modules/sgl/LIB/LIBSGL.A(sglH04.o)
 .data          0x060146c0        0x0 ../../saturnringlib/../modules/sgl/LIB/LIBSGL.A(sglI01.o)
 .data          0x060146c0        0x0 ../../saturnringlib/../modules/sgl/LIB/LIBSGL.A(sglI04.o)
 .data          0x060146c0       0x80 ../../saturnringlib/../modules/sgl/LIB/LIBSGL.A(sglIc0.o)
                0x060146c0                IntPrioMask
 .data          0x06014740        0x0 ../../saturnringlib/../modules/sgl/LIB/LIBSGL.A(sglJ00.o)
 .data          0x06014740        0x0 ../../saturnringlib/../modules/sgl/LIB/LIBSGL.A(sglJ01.o)
 .data          0x06014740        0x0 ../../saturnringlib/../modules/sgl/LIB/LIBSGL.A(sglJ02.o)
 .data          0x06014740        0x0 ../../saturnringlib/../modules/sgl/LIB/LIBSGL.A(sglJ03.o)
 .data          0x06014740        0x0 ../../saturnringlib/../modules/sgl/LIB/LIBSGL.A(sglJ04.o)
 .data          0x06014740        0x0 ../../saturnringlib/../modules/sgl/LIB/LIBSGL.A(sglJ05.o)
 .data          0x06014740        0x0 ../../saturnringlib/../modules/sgl/LIB/LIBSGL.A(sglK01.o)
 .data          0x06014740        0x0 ../../saturnringlib/../modules/sgl/LIB/LIBSGL.A(sglM01.o)
 .data          0x06014740        0x0 ../../saturnringlib/../modules/sgl/LIB/LIBSGL.A(sglA00.o)
 .data          0x06014740        0x0 ../../saturnringlib/../modules/sgl/LIB/LIBSGL.A(sglA20.o)
 .data          0x06014740        0x0 ../../saturnringlib/../modules/sgl/LIB/LIBSGL.A(sglB000.o)
 .data          0x06014740        0x0 ../../saturnringlib/../modules/sgl/LIB/LIBSGL.A(sglB035.o)
 .data          0x06014740        0x0 ../../saturnringlib/../modules/sgl/LIB/LIBSGL.A(sglC00.o)
 .data          0x06014740        0x0 ../../saturnringlib/../modules/sgl/LIB/LIBSGL.A(sglI00.o)
 .data          0x06014740        0x0 ../../saturnringlib/../modules/sgl/LIB/LIBSGL.A(sglH03.o)
 .data          0x06014740        0x0 ../../saturnringlib/../modules/sgl/LIB/LIBSND.A(snd_main.o)
 .data          0x06014740        0x0 M:/Saturn/Development/_SaturnRingLib-Vdp2-rotation-param-B/Compiler/sh2eb-elf/bin/../lib/gcc/sh-elf/14.2.0\libgcc.a(_ashiftrt.o)
 .data          0x06014740        0x0 M:/Saturn/Development/_SaturnRingLib-Vdp2-rotation-param-B/Compiler/sh2eb-elf/bin/../lib/gcc/sh-elf/14.2.0\libgcc.a(_ashiftrt_n.o)
 .data          0x06014740        0x0 M:/Saturn/Development/_SaturnRingLib-Vdp2-rotation-param-B/Compiler/sh2eb-elf/bin/../lib/gcc/sh-elf/14.2.0\libgcc.a(_ashiftlt.o)
 .data          0x06014740        0x0 M:/Saturn/Development/_SaturnRingLib-Vdp2-rotation-param-B/Compiler/sh2eb-elf/bin/../lib/gcc/sh-elf/14.2.0\libgcc.a(_lshiftrt.o)
 .data          0x06014740        0x0 M:/Saturn/Development/_SaturnRingLib-Vdp2-rotation-param-B/Compiler/sh2eb-elf/bin/../lib/gcc/sh-elf/14.2.0\libgcc.a(_sdivsi3.o)
 .data          0x06014740        0x0 M:/Saturn/Development/_SaturnRingLib-Vdp2-rotation-param-B/Compiler/sh2eb-elf/bin/../lib/gcc/sh-elf/14.2.0\libgcc.a(_udivsi3.o)
 .data          0x06014740        0x0 M:/Saturn/Development/_SaturnRingLib-Vdp2-rotation-param-B/Compiler/sh2eb-elf/bin/../lib/gcc/sh-elf/14.2.0\libgcc.a(_ffssi2.o)
 .data          0x06014740        0x0 M:/Saturn/Development/_SaturnRingLib-Vdp2-rotation-param-B/Compiler/sh2eb-elf/bin/../lib/gcc/sh-elf/14.2.0\libgcc.a(_clz.o)
 .data          0x06014740        0x0 M:/Saturn/Development/_SaturnRingLib-Vdp2-rotation-param-B/Compiler/sh2eb-elf/bin/../lib/gcc/sh-elf/14.2.0\libgcc.a(_clzsi2.o)
 .data          0x06014740        0x0 M:/Saturn/Development/_SaturnRingLib-Vdp2-rotation-param-B/Compiler/sh2eb-elf/bin/../lib/gcc/sh-elf/14.2.0/../../../../sh-elf/lib\libc.a(libc_a-memcmp.o)
 .data          0x06014740        0x0 M:/Saturn/Development/_SaturnRingLib-Vdp2-rotation-param-B/Compiler/sh2eb-elf/bin/../lib/gcc/sh-elf/14.2.0/../../../../sh-elf/lib\libc.a(libc_a-strncmp.o)
 .data          0x06014740        0x0 M:/Saturn/Development/_SaturnRingLib-Vdp2-rotation-param-B/Compiler/sh2eb-elf/bin/../lib/gcc/sh-elf/14.2.0/../../../../sh-elf/lib\libc.a(libc_a-strncpy.o)
 .data          0x06014740        0x0 M:/Saturn/Development/_SaturnRingLib-Vdp2-rotation-param-B/Compiler/sh2eb-elf/bin/../lib/gcc/sh-elf/14.2.0/../../../../sh-elf/lib\libc.a(libc_a-memcpy.o)
 .data          0x06014740        0x0 M:/Saturn/Development/_SaturnRingLib-Vdp2-rotation-param-B/Compiler/sh2eb-elf/bin/../lib/gcc/sh-elf/14.2.0/../../../../sh-elf/lib\libc.a(libc_a-memset.o)
 *(.data*)
 .data._ZN3SRL9Tickstamp13dividerConfigE
                0x06014740        0x4 src/main.o
                0x06014740                SRL::Tickstamp::dividerConfig
 .data._ZZN3SRL5Input3Gun11SynchronizeEvE14secondPlayerId
                0x06014744        0x1 src/main.o
                0x06014744                SRL::Input::Gun::Synchronize()::secondPlayerId
 .data._ZZN3SRL5Input3Gun11SynchronizeEvE13firstPlayerId
                0x06014745        0x1 src/main.o
                0x06014745                SRL::Input::Gun::Synchronize()::firstPlayerId
 *fill*         0x06014746        0x2 
 .data._ZN3SRL5Input10Management11PeripheralsE
                0x06014748      0x120 src/main.o
                0x06014748                SRL::Input::Management::Peripherals
 .data._ZN3SRL5Input10Management24PeripheralsPreviousStateE
                0x06014868      0x120 src/main.o
                0x06014868                SRL::Input::Management::PeripheralsPreviousState
 .data._ZN3SRL4VDP213ActiveScrollsE
                0x06014988        0x2 src/main.o
                0x06014988                SRL::VDP2::ActiveScrolls
 .data._ZN3SRL4VDP24VRAM9MapBankB0E
                0x0601498a        0x1 src/main.o
                0x0601498a                SRL::VDP2::VRAM::MapBankB0
 .data._ZN3SRL4VDP24VRAM9MapBankA0E
                0x0601498b        0x1 src/main.o
                0x0601498b                SRL::VDP2::VRAM::MapBankA0
 .data._ZN3SRL5ASCII7maxFontE
                0x0601498c        0x1 src/main.o
                0x0601498c                SRL::ASCII::maxFont
 .data._ZN3SRL5ASCII12maxYPositionE
                0x0601498d        0x1 src/main.o
                0x0601498d                SRL::ASCII::maxYPosition
 .data._ZN3SRL5ASCII12maxXPositionE
                0x0601498e        0x1 src/main.o
                0x0601498e                SRL::ASCII::maxXPosition
 *fill*         0x0601498f        0x1 
 .data._ZN3SRL5ASCII8fontBankE
                0x06014990        0x2 src/main.o
                0x06014990                SRL::ASCII::fontBank
 .data._ZN3SRL5ASCII9colorBankE
                0x06014992        0x2 src/main.o
                0x06014992                SRL::ASCII::colorBank
 .data._ZN3SRL5ASCII7tileMapE
                0x06014994        0x4 src/main.o
                0x06014994                SRL::ASCII::tileMap
 .data._ZN3SRL4CRAM11BaseAddressE
                0x06014998        0x4 src/main.o
                0x06014998                SRL::CRAM::BaseAddress
                0x060149a0                        . = ALIGN (0x10)
 *fill*         0x0601499c        0x4 
                0x060149a0                        __edata = .

.rodata         0x060149a0      0x1c0
 *(.rodata)
 .rodata        0x060149a0       0x18 ../../saturnringlib/../modules/sgl/LIB/../SRC/workarea.o
                0x060149a0                PCM_WkSize
                0x060149a4                MaxVertices
                0x060149a6                MaxPolygons
                0x060149a8                SortListSize
                0x060149ac                SpriteBufSize
                0x060149b0                EventSize
                0x060149b2                MaxEvents
                0x060149b4                WorkSize
                0x060149b6                MaxWorks
 .rodata        0x060149b8      0x100 M:/Saturn/Development/_SaturnRingLib-Vdp2-rotation-param-B/Compiler/sh2eb-elf/bin/../lib/gcc/sh-elf/14.2.0\libgcc.a(_clz.o)
                0x060149b8                __clz_tab
 *(.rodata*)
 .rodata._ZN3SRL5Sound8Hardware10InitializeEv.str1.4
                0x06014ab8       0x90 src/main.o
                                 0x25 (size before relaxing)
 .rodata.str1.4
                0x06014b48       0x64 src/main.o
 .rodata._ZN3SRL9Tickstamp18DividerConfig28MhzE
                0x06014b48        0xc src/main.o
                0x06014b48                SRL::Tickstamp::DividerConfig28Mhz
 .rodata._ZN3SRL9Tickstamp18DividerConfig26MhzE
                0x06014b54        0xc src/main.o
                0x06014b54                SRL::Tickstamp::DividerConfig26Mhz

.bss            0x06014b60     0x2c80
                0x06014b60                        __bstart = .
 *(.bss)
 .bss           0x06014b60       0xc8 ../../saturnringlib/../modules/sgl/LIB/../SRC/workarea.o
                0x06014b60                RemainWork
                0x06014b64                WorkBuf
                0x06014ba4                RemainEvent
                0x06014ba8                EventBuf
 .bss           0x06014c28        0x0 ../../saturnringlib/../modules/tlsf/tlsf.o
 .bss           0x06014c28        0x0 ../../saturnringlib/../modules/sgl/SRC/preloader.o
 .bss           0x06014c28        0x0 src/main.o
 *fill*         0x06014c28        0x8 
 .bss           0x06014c30        0x4 ../../saturnringlib/../modules/sgl/LIB/SEGA_SYS.A(sys_exit.o)
 *fill*         0x06014c34        0xc 
 .bss           0x06014c40        0x0 ../../saturnringlib/../modules/sgl/LIB/SEGA_SYS.A(sys_sub.o)
 .bss           0x06014c40        0x0 ../../saturnringlib/../modules/sgl/LIB/LIBCD.A(CDC_CMN.O)
 .bss           0x06014c40        0x0 ../../saturnringlib/../modules/sgl/LIB/LIBCD.A(CDC_CFS.O)
 .bss           0x06014c40        0x2 ../../saturnringlib/../modules/sgl/LIB/LIBCD.A(CDC_REG.O)
 *fill*         0x06014c42        0xe 
 .bss           0x06014c50        0xc ../../saturnringlib/../modules/sgl/LIB/LIBCD.A(CDC_SUB.O)
 *fill*         0x06014c5c        0x4 
 .bss           0x06014c60        0x0 ../../saturnringlib/../modules/sgl/LIB/LIBCD.A(GFS.O)
 .bss           0x06014c60        0x0 ../../saturnringlib/../modules/sgl/LIB/LIBCD.A(GFS_BUF.O)
 .bss           0x06014c60        0x0 ../../saturnringlib/../modules/sgl/LIB/LIBCD.A(GFS_CDB.O)
 .bss           0x06014c60        0x0 ../../saturnringlib/../modules/sgl/LIB/LIBCD.A(GFS_CDC.O)
 .bss           0x06014c60        0x0 ../../saturnringlib/../modules/sgl/LIB/LIBCD.A(GFS_CDF.O)
 .bss           0x06014c60        0x0 ../../saturnringlib/../modules/sgl/LIB/LIBCD.A(GFS_DIR.O)
 .bss           0x06014c60        0xc ../../saturnringlib/../modules/sgl/LIB/LIBCD.A(GFS_TRN.O)
 *fill*         0x06014c6c        0x4 
 .bss           0x06014c70        0x0 ../../saturnringlib/../modules/sgl/LIB/LIBCD.A(CDC_DRV.O)
 .bss           0x06014c70        0x0 ../../saturnringlib/../modules/sgl/LIB/LIBCD.A(CDC_DEV.O)
 .bss           0x06014c70        0x0 ../../saturnringlib/../modules/sgl/LIB/LIBCD.A(CDC_SEL.O)
 .bss           0x06014c70        0x0 ../../saturnringlib/../modules/sgl/LIB/LIBCD.A(CDC_BIF.O)
 .bss           0x06014c70        0x0 ../../saturnringlib/../modules/sgl/LIB/LIBCD.A(CDC_BIO.O)
 .bss           0x06014c70        0x0 ../../saturnringlib/../modules/sgl/LIB/LIBSGL.A(sglB001.o)
 .bss           0x06014c70        0x0 ../../saturnringlib/../modules/sgl/LIB/LIBSGL.A(sglB002.o)
 .bss           0x06014c70        0x0 ../../saturnringlib/../modules/sgl/LIB/LIBSGL.A(sglB015.o)
 .bss           0x06014c70        0x0 ../../saturnringlib/../modules/sgl/LIB/LIBSGL.A(sglB016.o)
 .bss           0x06014c70        0x0 ../../saturnringlib/../modules/sgl/LIB/LIBSGL.A(sglB034.o)
 .bss           0x06014c70        0x0 ../../saturnringlib/../modules/sgl/LIB/LIBSGL.A(sglB038.o)
 .bss           0x06014c70        0x0 ../../saturnringlib/../modules/sgl/LIB/LIBSGL.A(sglB058.o)
 .bss           0x06014c70        0x0 ../../saturnringlib/../modules/sgl/LIB/LIBSGL.A(sglB063.o)
 .bss           0x06014c70        0x0 ../../saturnringlib/../modules/sgl/LIB/LIBSGL.A(sglB200.o)
 .bss           0x06014c70        0x0 ../../saturnringlib/../modules/sgl/LIB/LIBSGL.A(sglC04.o)
 .bss           0x06014c70        0x0 ../../saturnringlib/../modules/sgl/LIB/LIBSGL.A(sglD00.o)
 .bss           0x06014c70        0x0 ../../saturnringlib/../modules/sgl/LIB/LIBSGL.A(sglD01.o)
 .bss           0x06014c70        0x0 ../../saturnringlib/../modules/sgl/LIB/LIBSGL.A(sglD02.o)
 .bss           0x06014c70        0x0 ../../saturnringlib/../modules/sgl/LIB/LIBSGL.A(sglD03.o)
 .bss           0x06014c70        0x0 ../../saturnringlib/../modules/sgl/LIB/LIBSGL.A(sglD15.o)
 .bss           0x06014c70        0x0 ../../saturnringlib/../modules/sgl/LIB/LIBSGL.A(sglD16.o)
 .bss           0x06014c70        0x0 ../../saturnringlib/../modules/sgl/LIB/LIBSGL.A(sglD17.o)
 .bss           0x06014c70        0x0 ../../saturnringlib/../modules/sgl/LIB/LIBSGL.A(sglD18.o)
 .bss           0x06014c70        0x0 ../../saturnringlib/../modules/sgl/LIB/LIBSGL.A(sglG00.o)
 .bss           0x06014c70        0x0 ../../saturnringlib/../modules/sgl/LIB/LIBSGL.A(sglH00.o)
 .bss           0x06014c70        0x0 ../../saturnringlib/../modules/sgl/LIB/LIBSGL.A(sglH02.o)
 .bss           0x06014c70        0x0 ../../saturnringlib/../modules/sgl/LIB/LIBSGL.A(sglH04.o)
 .bss           0x06014c70        0x0 ../../saturnringlib/../modules/sgl/LIB/LIBSGL.A(sglI01.o)
 .bss           0x06014c70        0x0 ../../saturnringlib/../modules/sgl/LIB/LIBSGL.A(sglI04.o)
 .bss           0x06014c70        0x0 ../../saturnringlib/../modules/sgl/LIB/LIBSGL.A(sglIc0.o)
 .bss           0x06014c70        0x0 ../../saturnringlib/../modules/sgl/LIB/LIBSGL.A(sglJ00.o)
 .bss           0x06014c70        0x0 ../../saturnringlib/../modules/sgl/LIB/LIBSGL.A(sglJ01.o)
 .bss           0x06014c70        0x0 ../../saturnringlib/../modules/sgl/LIB/LIBSGL.A(sglJ02.o)
 .bss           0x06014c70        0x0 ../../saturnringlib/../modules/sgl/LIB/LIBSGL.A(sglJ03.o)
 .bss           0x06014c70        0x0 ../../saturnringlib/../modules/sgl/LIB/LIBSGL.A(sglJ04.o)
 .bss           0x06014c70        0x0 ../../saturnringlib/../modules/sgl/LIB/LIBSGL.A(sglJ05.o)
 .bss           0x06014c70        0x0 ../../saturnringlib/../modules/sgl/LIB/LIBSGL.A(sglK01.o)
 .bss           0x06014c70        0x0 ../../saturnringlib/../modules/sgl/LIB/LIBSGL.A(sglM01.o)
 .bss           0x06014c70        0x0 ../../saturnringlib/../modules/sgl/LIB/LIBSGL.A(sglA00.o)
 .bss           0x06014c70        0x0 ../../saturnringlib/../modules/sgl/LIB/LIBSGL.A(sglA20.o)
 .bss           0x06014c70        0x0 ../../saturnringlib/../modules/sgl/LIB/LIBSGL.A(sglB000.o)
 .bss           0x06014c70        0x0 ../../saturnringlib/../modules/sgl/LIB/LIBSGL.A(sglB035.o)
 .bss           0x06014c70        0x0 ../../saturnringlib/../modules/sgl/LIB/LIBSGL.A(sglC00.o)
 .bss           0x06014c70        0x0 ../../saturnringlib/../modules/sgl/LIB/LIBSGL.A(sglI00.o)
 .bss           0x06014c70        0x0 ../../saturnringlib/../modules/sgl/LIB/LIBSGL.A(sglH03.o)
 .bss           0x06014c70       0x28 ../../saturnringlib/../modules/sgl/LIB/LIBSND.A(snd_main.o)
 .bss           0x06014c98        0x0 M:/Saturn/Development/_SaturnRingLib-Vdp2-rotation-param-B/Compiler/sh2eb-elf/bin/../lib/gcc/sh-elf/14.2.0\libgcc.a(_ashiftrt.o)
 .bss           0x06014c98        0x0 M:/Saturn/Development/_SaturnRingLib-Vdp2-rotation-param-B/Compiler/sh2eb-elf/bin/../lib/gcc/sh-elf/14.2.0\libgcc.a(_ashiftrt_n.o)
 .bss           0x06014c98        0x0 M:/Saturn/Development/_SaturnRingLib-Vdp2-rotation-param-B/Compiler/sh2eb-elf/bin/../lib/gcc/sh-elf/14.2.0\libgcc.a(_ashiftlt.o)
 .bss           0x06014c98        0x0 M:/Saturn/Development/_SaturnRingLib-Vdp2-rotation-param-B/Compiler/sh2eb-elf/bin/../lib/gcc/sh-elf/14.2.0\libgcc.a(_lshiftrt.o)
 .bss           0x06014c98        0x0 M:/Saturn/Development/_SaturnRingLib-Vdp2-rotation-param-B/Compiler/sh2eb-elf/bin/../lib/gcc/sh-elf/14.2.0\libgcc.a(_sdivsi3.o)
 .bss           0x06014c98        0x0 M:/Saturn/Development/_SaturnRingLib-Vdp2-rotation-param-B/Compiler/sh2eb-elf/bin/../lib/gcc/sh-elf/14.2.0\libgcc.a(_udivsi3.o)
 .bss           0x06014c98        0x0 M:/Saturn/Development/_SaturnRingLib-Vdp2-rotation-param-B/Compiler/sh2eb-elf/bin/../lib/gcc/sh-elf/14.2.0\libgcc.a(_ffssi2.o)
 .bss           0x06014c98        0x0 M:/Saturn/Development/_SaturnRingLib-Vdp2-rotation-param-B/Compiler/sh2eb-elf/bin/../lib/gcc/sh-elf/14.2.0\libgcc.a(_clz.o)
 .bss           0x06014c98        0x0 M:/Saturn/Development/_SaturnRingLib-Vdp2-rotation-param-B/Compiler/sh2eb-elf/bin/../lib/gcc/sh-elf/14.2.0\libgcc.a(_clzsi2.o)
 .bss           0x06014c98        0x0 M:/Saturn/Development/_SaturnRingLib-Vdp2-rotation-param-B/Compiler/sh2eb-elf/bin/../lib/gcc/sh-elf/14.2.0/../../../../sh-elf/lib\libc.a(libc_a-memcmp.o)
 .bss           0x06014c98        0x0 M:/Saturn/Development/_SaturnRingLib-Vdp2-rotation-param-B/Compiler/sh2eb-elf/bin/../lib/gcc/sh-elf/14.2.0/../../../../sh-elf/lib\libc.a(libc_a-strncmp.o)
 .bss           0x06014c98        0x0 M:/Saturn/Development/_SaturnRingLib-Vdp2-rotation-param-B/Compiler/sh2eb-elf/bin/../lib/gcc/sh-elf/14.2.0/../../../../sh-elf/lib\libc.a(libc_a-strncpy.o)
 .bss           0x06014c98        0x0 M:/Saturn/Development/_SaturnRingLib-Vdp2-rotation-param-B/Compiler/sh2eb-elf/bin/../lib/gcc/sh-elf/14.2.0/../../../../sh-elf/lib\libc.a(libc_a-memcpy.o)
 .bss           0x06014c98        0x0 M:/Saturn/Development/_SaturnRingLib-Vdp2-rotation-param-B/Compiler/sh2eb-elf/bin/../lib/gcc/sh-elf/14.2.0/../../../../sh-elf/lib\libc.a(libc_a-memset.o)
 *(.bss*)
 .bss._ZN3SRL6Memory10LowWorkRam4zoneE
                0x06014c98        0x8 ../../saturnringlib/../modules/sgl/SRC/preloader.o
                0x06014c98                SRL::Memory::LowWorkRam::zone
 .bss._ZN3SRL6Memory11HighWorkRam4zoneE
                0x06014ca0        0x8 ../../saturnringlib/../modules/sgl/SRC/preloader.o
                0x06014ca0                SRL::Memory::HighWorkRam::zone
 .bss._ZGVN3SRL13CinepakPlayer7OnErrorE
                0x06014ca8        0x8 src/main.o
                0x06014ca8                guard variable for SRL::CinepakPlayer::OnError
 .bss._ZGVN3SRL4Core8OnVblankE
                0x06014cb0        0x8 src/main.o
                0x06014cb0                guard variable for SRL::Core::OnVblank
 .bss._ZGVN3SRL4Core12OnBeforeSyncE
                0x06014cb8        0x8 src/main.o
                0x06014cb8                guard variable for SRL::Core::OnBeforeSync
 .bss._ZGVN3SRL4Core11OnAfterSyncE
                0x06014cc0        0x8 src/main.o
                0x06014cc0                guard variable for SRL::Core::OnAfterSync
 .bss._ZGVN3SRL4VDP212ScrollScreenINS0_4RBG0ELs5ELt16EE11TilePaletteE
                0x06014cc8        0x8 src/main.o
                0x06014cc8                guard variable for SRL::VDP2::ScrollScreen<SRL::VDP2::RBG0, (short)5, (unsigned short)16>::TilePalette
 .bss._ZGVN3SRL4VDP212ScrollScreenINS0_4NBG3ELs2ELt8EE11TilePaletteE
                0x06014cd0        0x8 src/main.o
                0x06014cd0                guard variable for SRL::VDP2::ScrollScreen<SRL::VDP2::NBG3, (short)2, (unsigned short)8>::TilePalette
 .bss._ZGVN3SRL4VDP212ScrollScreenINS0_4NBG2ELs3ELt4EE11TilePaletteE
                0x06014cd8        0x8 src/main.o
                0x06014cd8                guard variable for SRL::VDP2::ScrollScreen<SRL::VDP2::NBG2, (short)3, (unsigned short)4>::TilePalette
 .bss._ZGVN3SRL4VDP212ScrollScreenINS0_4NBG1ELs0ELt2EE11TilePaletteE
                0x06014ce0        0x8 src/main.o
                0x06014ce0                guard variable for SRL::VDP2::ScrollScreen<SRL::VDP2::NBG1, (short)0, (unsigned short)2>::TilePalette
 .bss._ZGVN3SRL4VDP212ScrollScreenINS0_4NBG0ELs1ELt1EE11TilePaletteE
                0x06014ce8        0x8 src/main.o
                0x06014ce8                guard variable for SRL::VDP2::ScrollScreen<SRL::VDP2::NBG0, (short)1, (unsigned short)1>::TilePalette
 .bss._ZGVN3SRL4VDP24RBG012TilePaletteBE
                0x06014cf0        0x8 src/main.o
                0x06014cf0                guard variable for SRL::VDP2::RBG0::TilePaletteB
 .bss._ZGVN3SRL4VDP18MetadataE
                0x06014cf8        0x8 src/main.o
                0x06014cf8                guard variable for SRL::VDP1::Metadata
 .bss._ZGVN3SRL4VDP18TexturesE
                0x06014d00        0x8 src/main.o
                0x06014d00                guard variable for SRL::VDP1::Textures
 .bss._ZN3SRL13CinepakPlayer7OnErrorE
                0x06014d08       0x18 src/main.o
                0x06014d08                SRL::CinepakPlayer::OnError
 .bss._ZN3SRL4Core8OnVblankE
                0x06014d20       0x18 src/main.o
                0x06014d20                SRL::Core::OnVblank
 .bss._ZN3SRL4Core12OnBeforeSyncE
                0x06014d38       0x18 src/main.o
                0x06014d38                SRL::Core::OnBeforeSync
 .bss._ZN3SRL4Core11OnAfterSyncE
                0x06014d50       0x18 src/main.o
                0x06014d50                SRL::Core::OnAfterSync
 .bss._ZN3SRL5Timer12deltaMinutesE
                0x06014d68        0x4 src/main.o
                0x06014d68                SRL::Timer::deltaMinutes
 .bss._ZN3SRL5Timer17deltaMillisecondsE
                0x06014d6c        0x4 src/main.o
                0x06014d6c                SRL::Timer::deltaMilliseconds
 .bss._ZN3SRL5Timer12deltaSecondsE
                0x06014d70        0x4 src/main.o
                0x06014d70                SRL::Timer::deltaSeconds
 .bss._ZN3SRL5Timer10deltaTicksE
                0x06014d74        0x8 src/main.o
                0x06014d74                SRL::Timer::deltaTicks
 .bss._ZN3SRL5Timer13frameSnapshotE
                0x06014d7c        0x8 src/main.o
                0x06014d7c                SRL::Timer::frameSnapshot
 .bss._ZN3SRL5Timer15overflowCounterE
                0x06014d84        0x4 src/main.o
                0x06014d84                SRL::Timer::overflowCounter
 .bss._ZN3SRL5Input3Gun26Player2MegadriveGunControlE
                0x06014d88        0x1 src/main.o
                0x06014d88                SRL::Input::Gun::Player2MegadriveGunControl
 .bss._ZN3SRL5Input3Gun26Player1MegadriveGunControlE
                0x06014d89        0x1 src/main.o
                0x06014d89                SRL::Input::Gun::Player1MegadriveGunControl
 *fill*         0x06014d8a        0x2 
 .bss._ZN3SRL4VDP24RBG012TilePaletteBE
                0x06014d8c        0x8 src/main.o
                0x06014d8c                SRL::VDP2::RBG0::TilePaletteB
 .bss._ZN3SRL4VDP212ScrollScreenINS0_4RBG0ELs5ELt16EE11TilePaletteE
                0x06014d94        0x8 src/main.o
                0x06014d94                SRL::VDP2::ScrollScreen<SRL::VDP2::RBG0, (short)5, (unsigned short)16>::TilePalette
 .bss._ZN3SRL4VDP212ScrollScreenINS0_4NBG3ELs2ELt8EE11TilePaletteE
                0x06014d9c        0x8 src/main.o
                0x06014d9c                SRL::VDP2::ScrollScreen<SRL::VDP2::NBG3, (short)2, (unsigned short)8>::TilePalette
 .bss._ZN3SRL4VDP212ScrollScreenINS0_4NBG2ELs3ELt4EE11TilePaletteE
                0x06014da4        0x8 src/main.o
                0x06014da4                SRL::VDP2::ScrollScreen<SRL::VDP2::NBG2, (short)3, (unsigned short)4>::TilePalette
 .bss._ZN3SRL4VDP212ScrollScreenINS0_4NBG1ELs0ELt2EE11TilePaletteE
                0x06014dac        0x8 src/main.o
                0x06014dac                SRL::VDP2::ScrollScreen<SRL::VDP2::NBG1, (short)0, (unsigned short)2>::TilePalette
 .bss._ZN3SRL4VDP212ScrollScreenINS0_4NBG0ELs1ELt1EE11TilePaletteE
                0x06014db4        0x8 src/main.o
                0x06014db4                SRL::VDP2::ScrollScreen<SRL::VDP2::NBG0, (short)1, (unsigned short)1>::TilePalette
 .bss._ZN3SRL4VDP18MetadataE
                0x06014dbc      0x190 src/main.o
                0x06014dbc                SRL::VDP1::Metadata
 .bss._ZN3SRL4VDP18TexturesE
                0x06014f4c      0x320 src/main.o
                0x06014f4c                SRL::VDP1::Textures
 .bss._ZN3SRL2Cd13isInitializedE
                0x0601526c        0x1 src/main.o
                0x0601526c                SRL::Cd::isInitialized
 *fill*         0x0601526d        0x3 
 .bss._ZN3SRL2Cd7GfsWorkE
                0x06015270      0xd08 src/main.o
                0x06015270                SRL::Cd::GfsWork
 .bss._ZN3SRL2Cd17GfsDirectoryNamesE
                0x06015f78     0x1800 src/main.o
                0x06015f78                SRL::Cd::GfsDirectoryNames
 .bss._ZN3SRL2Cd14GfsDirectoriesE
                0x06017778        0xc src/main.o
                0x06017778                SRL::Cd::GfsDirectories
 .bss._ZN3SRL4CRAM14AllocationMaskE
                0x06017784       0x10 src/main.o
                0x06017784                SRL::CRAM::AllocationMask
 .bss._ZN3SRL2TV10ResolutionE
                0x06017794        0x4 src/main.o
                0x06017794                SRL::TV::Resolution
 .bss._ZN3SRL2TV6HeightE
                0x06017798        0x2 src/main.o
                0x06017798                SRL::TV::Height
 .bss._ZN3SRL2TV5WidthE
                0x0601779a        0x2 src/main.o
                0x0601779a                SRL::TV::Width
 *(COMMON)
 *fill*         0x0601779c        0x4 
 COMMON         0x060177a0        0xc ../../saturnringlib/../modules/sgl/LIB/LIBCD.A(GFS.O)
                0x060177a0                GFMC_base
                0x060177a4                gfs_mng_ptr
                0x060177a8                gfs_use_scudma
 *fill*         0x060177ac        0x4 
 COMMON         0x060177b0        0xc ../../saturnringlib/../modules/sgl/LIB/LIBCD.A(GFS_CDC.O)
                0x060177b0                gfcd_fatal_err
                0x060177b4                gfcd_work
                0x060177b8                gfcd_playflag
 *fill*         0x060177bc        0x4 
 COMMON         0x060177c0        0x8 ../../saturnringlib/../modules/sgl/LIB/LIBCD.A(GFS_CDF.O)
                0x060177c0                gfcf_fad
                0x060177c4                gfcf_stat
 *fill*         0x060177c8        0x8 
 COMMON         0x060177d0        0x8 ../../saturnringlib/../modules/sgl/LIB/LIBSND.A(snd_main.o)
                0x060177d0                snd_adr_sys_int_work
                0x060177d4                snd_msk_work_work
                0x060177e0                        . = ALIGN (0x10)
 *fill*         0x060177d8        0x8 
                0x060177e0                        __bend = .

HEAP            0x060177e0        0x0
                0x060177e0                        __heap_start = .

COMMAND_BUF_DUMMY
                0x00000000    0x11800
 *(COMMAND_BUF_DUMMY)
 COMMAND_BUF_DUMMY
                0x00000000    0x11800 ../../saturnringlib/../modules/sgl/LIB/../SRC/workarea.o
                0x00000000                COMMAND_BUF_DUMMY
                0x00011800                        . = ALIGN (0x20)

WORK_AREA_DUMMY
                0x00000000    0x2a000
 *(WORK_AREA_DUMMY)
 WORK_AREA_DUMMY
                0x00000000    0x29e70 ../../saturnringlib/../modules/sgl/LIB/../SRC/workarea.o
                0x00000000                WORK_AREA_DUMMY
                0x0002a000                        . = ALIGN (0x1000)
 *fill*         0x00029e70      0x190 
                0x060ea000                        command_buf_start = ALIGN ((0x60fb800 - SIZEOF (COMMAND_BUF_DUMMY)), 0x20)
                0x060c0000                        work_area_start = ALIGN ((command_buf_start - SIZEOF (WORK_AREA_DUMMY)), 0x1000)

WORK_AREA       0x060c0000    0x29e70
                0x060c0000                        __heap_end = .
                0x060c0000                        __work_area_start = .
 *(WORK_AREA)
 WORK_AREA      0x060c0000    0x29e70 ../../saturnringlib/../modules/sgl/LIB/../SRC/workarea.o
                0x060c0000                WorkArea
                0x060e9e70                        __work_area_end = .

COMMAND_BUF     0x060ea000    0x11800
                0x060ea000                        __command_buffer_start = .
 *(COMMAND_BUF)
 COMMAND_BUF    0x060ea000    0x11800 ../../saturnringlib/../modules/sgl/LIB/../SRC/workarea.o
                0x060ea000                CommandBufArea
                0x060fb800                        __command_buffer_end = .

SYSTEM_START    0x060fb800        0x0
                0x060fb800                        __systemStart = .

SYSTEM_END      0x060ffc00        0x0
                0x060ffc00                        __systemEnd = .
                0x060ffc00                        _end = .

/DISCARD/
 *(.rela*)
 *(.rel.text .rel.data .rel.rodata)
 *(.rela.text .rela.data .rela.rodata)
 *(.rela.text.* .rela.data.*)
 *(.eh_frame)
LOAD ../../saturnringlib/../modules/sgl/LIB/../SRC/workarea.o
LOAD ../../saturnringlib/../modules/tlsf/tlsf.o
LOAD ../../saturnringlib/../modules/sgl/SRC/preloader.o
LOAD src/main.o
TARGET(coff-sh)
LOAD ../../saturnringlib/../modules/sgl/LIB/LIBCPK.A
LOAD ../../saturnringlib/../modules/sgl/LIB/SEGA_SYS.A
LOAD ../../saturnringlib/../modules/sgl/LIB/LIBCD.A
LOAD ../../saturnringlib/../modules/sgl/LIB/LIBSGL.A
LOAD ../../saturnringlib/../modules/sgl/LIB/LIBSND.A
TARGET(elf32-sh)
LOAD M:/Saturn/Development/_SaturnRingLib-Vdp2-rotation-param-B/Compiler/sh2eb-elf/bin/../lib/gcc/sh-elf/14.2.0\libgcc.a
LOAD M:/Saturn/Development/_SaturnRingLib-Vdp2-rotation-param-B/Compiler/sh2eb-elf/bin/../lib/gcc/sh-elf/14.2.0\libgcc-Os-4-200.a
LOAD M:/Saturn/Development/_SaturnRingLib-Vdp2-rotation-param-B/Compiler/sh2eb-elf/bin/../lib/gcc/sh-elf/14.2.0/../../../../sh-elf/lib\libc.a
LOAD M:/Saturn/Development/_SaturnRingLib-Vdp2-rotation-param-B/Compiler/sh2eb-elf/bin/../lib/gcc/sh-elf/14.2.0\libgcc.a
LOAD M:/Saturn/Development/_SaturnRingLib-Vdp2-rotation-param-B/Compiler/sh2eb-elf/bin/../lib/gcc/sh-elf/14.2.0\libgcc-Os-4-200.a
START GROUP
LOAD M:/Saturn/Development/_SaturnRingLib-Vdp2-rotation-param-B/Compiler/sh2eb-elf/bin/../lib/gcc/sh-elf/14.2.0\libgcc.a
LOAD M:/Saturn/Development/_SaturnRingLib-Vdp2-rotation-param-B/Compiler/sh2eb-elf/bin/../lib/gcc/sh-elf/14.2.0\libgcc-Os-4-200.a
LOAD M:/Saturn/Development/_SaturnRingLib-Vdp2-rotation-param-B/Compiler/sh2eb-elf/bin/../lib/gcc/sh-elf/14.2.0/../../../../sh-elf/lib\libc.a
LOAD M:/Saturn/Development/_SaturnRingLib-Vdp2-rotation-param-B/Compiler/sh2eb-elf/bin/../lib/gcc/sh-elf/14.2.0/../../../../sh-elf/lib\libnosys.a
END GROUP
OUTPUT(./BuildDrop/DiscTray.elf elf32-sh)

.comment        0x00000000       0x12
 .comment       0x00000000       0x12 ../../saturnringlib/../modules/sgl/LIB/../SRC/workarea.o
                                 0x13 (size before relaxing)
 .comment       0x00000012       0x13 ../../saturnringlib/../modules/tlsf/tlsf.o
 .comment       0x00000012       0x13 ../../saturnringlib/../modules/sgl/SRC/preloader.o
 .comment       0x00000012       0x13 src/main.o
 .comment       0x00000012       0x13 M:/Saturn/Development/_SaturnRingLib-Vdp2-rotation-param-B/Compiler/sh2eb-elf/bin/../lib/gcc/sh-elf/14.2.0\libgcc.a(_ffssi2.o)
 .comment       0x00000012       0x13 M:/Saturn/Development/_SaturnRingLib-Vdp2-rotation-param-B/Compiler/sh2eb-elf/bin/../lib/gcc/sh-elf/14.2.0\libgcc.a(_clz.o)
 .comment       0x00000012       0x13 M:/Saturn/Development/_SaturnRingLib-Vdp2-rotation-param-B/Compiler/sh2eb-elf/bin/../lib/gcc/sh-elf/14.2.0\libgcc.a(_clzsi2.o)
 .comment       0x00000012       0x13 M:/Saturn/Development/_SaturnRingLib-Vdp2-rotation-param-B/Compiler/sh2eb-elf/bin/../lib/gcc/sh-elf/14.2.0/../../../../sh-elf/lib\libc.a(libc_a-memcmp.o)
 .comment       0x00000012       0x13 M:/Saturn/Development/_SaturnRingLib-Vdp2-rotation-param-B/Compiler/sh2eb-elf/bin/../lib/gcc/sh-elf/14.2.0/../../../../sh-elf/lib\libc.a(libc_a-strncmp.o)
 .comment       0x00000012       0x13 M:/Saturn/Development/_SaturnRingLib-Vdp2-rotation-param-B/Compiler/sh2eb-elf/bin/../lib/gcc/sh-elf/14.2.0/../../../../sh-elf/lib\libc.a(libc_a-strncpy.o)

.debug_info     0x00000000      0x5fe
 .debug_info    0x00000000      0x141 M:/Saturn/Development/_SaturnRingLib-Vdp2-rotation-param-B/Compiler/sh2eb-elf/bin/../lib/gcc/sh-elf/14.2.0\libgcc.a(_ffssi2.o)
 .debug_info    0x00000141       0xca M:/Saturn/Development/_SaturnRingLib-Vdp2-rotation-param-B/Compiler/sh2eb-elf/bin/../lib/gcc/sh-elf/14.2.0\libgcc.a(_clz.o)
 .debug_info    0x0000020b      0x130 M:/Saturn/Development/_SaturnRingLib-Vdp2-rotation-param-B/Compiler/sh2eb-elf/bin/../lib/gcc/sh-elf/14.2.0\libgcc.a(_clzsi2.o)
 .debug_info    0x0000033b       0xf0 M:/Saturn/Development/_SaturnRingLib-Vdp2-rotation-param-B/Compiler/sh2eb-elf/bin/../lib/gcc/sh-elf/14.2.0/../../../../sh-elf/lib\libc.a(libc_a-memcmp.o)
 .debug_info    0x0000042b       0xd2 M:/Saturn/Development/_SaturnRingLib-Vdp2-rotation-param-B/Compiler/sh2eb-elf/bin/../lib/gcc/sh-elf/14.2.0/../../../../sh-elf/lib\libc.a(libc_a-strncmp.o)
 .debug_info    0x000004fd      0x101 M:/Saturn/Development/_SaturnRingLib-Vdp2-rotation-param-B/Compiler/sh2eb-elf/bin/../lib/gcc/sh-elf/14.2.0/../../../../sh-elf/lib\libc.a(libc_a-strncpy.o)

.debug_abbrev   0x00000000      0x3ab
 .debug_abbrev  0x00000000       0xd0 M:/Saturn/Development/_SaturnRingLib-Vdp2-rotation-param-B/Compiler/sh2eb-elf/bin/../lib/gcc/sh-elf/14.2.0\libgcc.a(_ffssi2.o)
 .debug_abbrev  0x000000d0       0x70 M:/Saturn/Development/_SaturnRingLib-Vdp2-rotation-param-B/Compiler/sh2eb-elf/bin/../lib/gcc/sh-elf/14.2.0\libgcc.a(_clz.o)
 .debug_abbrev  0x00000140       0xca M:/Saturn/Development/_SaturnRingLib-Vdp2-rotation-param-B/Compiler/sh2eb-elf/bin/../lib/gcc/sh-elf/14.2.0\libgcc.a(_clzsi2.o)
 .debug_abbrev  0x0000020a       0x8a M:/Saturn/Development/_SaturnRingLib-Vdp2-rotation-param-B/Compiler/sh2eb-elf/bin/../lib/gcc/sh-elf/14.2.0/../../../../sh-elf/lib\libc.a(libc_a-memcmp.o)
 .debug_abbrev  0x00000294       0x76 M:/Saturn/Development/_SaturnRingLib-Vdp2-rotation-param-B/Compiler/sh2eb-elf/bin/../lib/gcc/sh-elf/14.2.0/../../../../sh-elf/lib\libc.a(libc_a-strncmp.o)
 .debug_abbrev  0x0000030a       0xa1 M:/Saturn/Development/_SaturnRingLib-Vdp2-rotation-param-B/Compiler/sh2eb-elf/bin/../lib/gcc/sh-elf/14.2.0/../../../../sh-elf/lib\libc.a(libc_a-strncpy.o)

.debug_loclists
                0x00000000      0x218
 .debug_loclists
                0x00000000       0x5a M:/Saturn/Development/_SaturnRingLib-Vdp2-rotation-param-B/Compiler/sh2eb-elf/bin/../lib/gcc/sh-elf/14.2.0\libgcc.a(_ffssi2.o)
 .debug_loclists
                0x0000005a       0x22 M:/Saturn/Development/_SaturnRingLib-Vdp2-rotation-param-B/Compiler/sh2eb-elf/bin/../lib/gcc/sh-elf/14.2.0\libgcc.a(_clzsi2.o)
 .debug_loclists
                0x0000007c       0xbb M:/Saturn/Development/_SaturnRingLib-Vdp2-rotation-param-B/Compiler/sh2eb-elf/bin/../lib/gcc/sh-elf/14.2.0/../../../../sh-elf/lib\libc.a(libc_a-memcmp.o)
 .debug_loclists
                0x00000137       0x92 M:/Saturn/Development/_SaturnRingLib-Vdp2-rotation-param-B/Compiler/sh2eb-elf/bin/../lib/gcc/sh-elf/14.2.0/../../../../sh-elf/lib\libc.a(libc_a-strncmp.o)
 .debug_loclists
                0x000001c9       0x4f M:/Saturn/Development/_SaturnRingLib-Vdp2-rotation-param-B/Compiler/sh2eb-elf/bin/../lib/gcc/sh-elf/14.2.0/../../../../sh-elf/lib\libc.a(libc_a-strncpy.o)

.debug_aranges  0x00000000       0xb8
 .debug_aranges
                0x00000000       0x20 M:/Saturn/Development/_SaturnRingLib-Vdp2-rotation-param-B/Compiler/sh2eb-elf/bin/../lib/gcc/sh-elf/14.2.0\libgcc.a(_ffssi2.o)
 .debug_aranges
                0x00000020       0x18 M:/Saturn/Development/_SaturnRingLib-Vdp2-rotation-param-B/Compiler/sh2eb-elf/bin/../lib/gcc/sh-elf/14.2.0\libgcc.a(_clz.o)
 .debug_aranges
                0x00000038       0x20 M:/Saturn/Development/_SaturnRingLib-Vdp2-rotation-param-B/Compiler/sh2eb-elf/bin/../lib/gcc/sh-elf/14.2.0\libgcc.a(_clzsi2.o)
 .debug_aranges
                0x00000058       0x20 M:/Saturn/Development/_SaturnRingLib-Vdp2-rotation-param-B/Compiler/sh2eb-elf/bin/../lib/gcc/sh-elf/14.2.0/../../../../sh-elf/lib\libc.a(libc_a-memcmp.o)
 .debug_aranges
                0x00000078       0x20 M:/Saturn/Development/_SaturnRingLib-Vdp2-rotation-param-B/Compiler/sh2eb-elf/bin/../lib/gcc/sh-elf/14.2.0/../../../../sh-elf/lib\libc.a(libc_a-strncmp.o)
 .debug_aranges
                0x00000098       0x20 M:/Saturn/Development/_SaturnRingLib-Vdp2-rotation-param-B/Compiler/sh2eb-elf/bin/../lib/gcc/sh-elf/14.2.0/../../../../sh-elf/lib\libc.a(libc_a-strncpy.o)

.debug_rnglists
                0x00000000       0x38
 .debug_rnglists
                0x00000000       0x19 M:/Saturn/Development/_SaturnRingLib-Vdp2-rotation-param-B/Compiler/sh2eb-elf/bin/../lib/gcc/sh-elf/14.2.0\libgcc.a(_ffssi2.o)
 .debug_rnglists
                0x00000019       0x1f M:/Saturn/Development/_SaturnRingLib-Vdp2-rotation-param-B/Compiler/sh2eb-elf/bin/../lib/gcc/sh-elf/14.2.0\libgcc.a(_clzsi2.o)

.debug_line     0x00000000      0x66b
 .debug_line    0x00000000       0xc7 M:/Saturn/Development/_SaturnRingLib-Vdp2-rotation-param-B/Compiler/sh2eb-elf/bin/../lib/gcc/sh-elf/14.2.0\libgcc.a(_ffssi2.o)
 .debug_line    0x000000c7       0x5c M:/Saturn/Development/_SaturnRingLib-Vdp2-rotation-param-B/Compiler/sh2eb-elf/bin/../lib/gcc/sh-elf/14.2.0\libgcc.a(_clz.o)
 .debug_line    0x00000123       0xe4 M:/Saturn/Development/_SaturnRingLib-Vdp2-rotation-param-B/Compiler/sh2eb-elf/bin/../lib/gcc/sh-elf/14.2.0\libgcc.a(_clzsi2.o)
 .debug_line    0x00000207      0x167 M:/Saturn/Development/_SaturnRingLib-Vdp2-rotation-param-B/Compiler/sh2eb-elf/bin/../lib/gcc/sh-elf/14.2.0/../../../../sh-elf/lib\libc.a(libc_a-memcmp.o)
 .debug_line    0x0000036e      0x17c M:/Saturn/Development/_SaturnRingLib-Vdp2-rotation-param-B/Compiler/sh2eb-elf/bin/../lib/gcc/sh-elf/14.2.0/../../../../sh-elf/lib\libc.a(libc_a-strncmp.o)
 .debug_line    0x000004ea      0x181 M:/Saturn/Development/_SaturnRingLib-Vdp2-rotation-param-B/Compiler/sh2eb-elf/bin/../lib/gcc/sh-elf/14.2.0/../../../../sh-elf/lib\libc.a(libc_a-strncpy.o)

.debug_str      0x00000000      0x336
 .debug_str     0x00000000      0x336 M:/Saturn/Development/_SaturnRingLib-Vdp2-rotation-param-B/Compiler/sh2eb-elf/bin/../lib/gcc/sh-elf/14.2.0\libgcc.a(_ffssi2.o)
                                0x1b7 (size before relaxing)
 .debug_str     0x00000336      0x18b M:/Saturn/Development/_SaturnRingLib-Vdp2-rotation-param-B/Compiler/sh2eb-elf/bin/../lib/gcc/sh-elf/14.2.0\libgcc.a(_clz.o)
 .debug_str     0x00000336      0x1a8 M:/Saturn/Development/_SaturnRingLib-Vdp2-rotation-param-B/Compiler/sh2eb-elf/bin/../lib/gcc/sh-elf/14.2.0\libgcc.a(_clzsi2.o)
 .debug_str     0x00000336      0x165 M:/Saturn/Development/_SaturnRingLib-Vdp2-rotation-param-B/Compiler/sh2eb-elf/bin/../lib/gcc/sh-elf/14.2.0/../../../../sh-elf/lib\libc.a(libc_a-memcmp.o)
 .debug_str     0x00000336      0x167 M:/Saturn/Development/_SaturnRingLib-Vdp2-rotation-param-B/Compiler/sh2eb-elf/bin/../lib/gcc/sh-elf/14.2.0/../../../../sh-elf/lib\libc.a(libc_a-strncmp.o)
 .debug_str     0x00000336      0x183 M:/Saturn/Development/_SaturnRingLib-Vdp2-rotation-param-B/Compiler/sh2eb-elf/bin/../lib/gcc/sh-elf/14.2.0/../../../../sh-elf/lib\libc.a(libc_a-strncpy.o)

.debug_frame    0x00000000       0xc8
 .debug_frame   0x00000000       0x30 M:/Saturn/Development/_SaturnRingLib-Vdp2-rotation-param-B/Compiler/sh2eb-elf/bin/../lib/gcc/sh-elf/14.2.0\libgcc.a(_ffssi2.o)
 .debug_frame   0x00000030       0x38 M:/Saturn/Development/_SaturnRingLib-Vdp2-rotation-param-B/Compiler/sh2eb-elf/bin/../lib/gcc/sh-elf/14.2.0\libgcc.a(_clzsi2.o)
 .debug_frame   0x00000068       0x20 M:/Saturn/Development/_SaturnRingLib-Vdp2-rotation-param-B/Compiler/sh2eb-elf/bin/../lib/gcc/sh-elf/14.2.0/../../../../sh-elf/lib\libc.a(libc_a-memcmp.o)
 .debug_frame   0x00000088       0x20 M:/Saturn/Development/_SaturnRingLib-Vdp2-rotation-param-B/Compiler/sh2eb-elf/bin/../lib/gcc/sh-elf/14.2.0/../../../../sh-elf/lib\libc.a(libc_a-strncmp.o)
 .debug_frame   0x000000a8       0x20 M:/Saturn/Development/_SaturnRingLib-Vdp2-rotation-param-B/Compiler/sh2eb-elf/bin/../lib/gcc/sh-elf/14.2.0/../../../../sh-elf/lib\libc.a(libc_a-strncpy.o)
